2025-10-09 14:18:40,033 - ERROR - ❌ [HTTP ERROR] POST /ai/craft - Attempt 1/3
2025-10-09 14:18:40,034 - ERROR -    📍 URL: http://localhost:7031/ai/craft
2025-10-09 14:18:40,034 - ERROR -    📊 Status Code: 400
2025-10-09 14:18:40,034 - ERROR -    💬 Error Message: Missing required materials
2025-10-09 14:18:40,034 - ERROR -    📤 Request Data: {"token": "a57a2e444f8e5d64cd750795c2d7731e", "type": "Smelting", "itemKey": "ironbar", "count": 1}
2025-10-09 14:18:40,034 - ERROR -    📤 Request Params: None
2025-10-09 14:18:40,034 - ERROR -    📥 Response Headers: {"X-Powered-By": "Express", "Content-Type": "application/json; charset=utf-8", "Content-Length": "248", "ETag": "W/\"f8-bbqsDmPCbU8YZ7iTynJC/rEcC38\"", "Date": "Thu, 09 Oct 2025 18:18:40 GMT", "Connection": "keep-alive", "Keep-Alive": "timeout=5"}
2025-10-09 14:18:40,034 - ERROR -    📥 Full Response: {"status":"error","message":"Missing required materials","missingMaterials":[{"key":"coal","name":"Coal","required":1,"available":0,"missing":1}],"requirements":[{"key":"ironore","name":"Iron Ore","count":1},{"key":"coal","name":"Coal","count":1}]}
2025-10-09 14:18:40,035 - ERROR - ❌ [HTTP ERROR] POST /ai/craft - Attempt 1/3
2025-10-09 14:18:40,035 - ERROR -    📍 URL: http://localhost:7031/ai/craft
2025-10-09 14:18:40,035 - ERROR -    📊 Status Code: 400
2025-10-09 14:18:40,035 - ERROR -    💬 Error Message: Missing required materials
2025-10-09 14:18:40,035 - ERROR -    📤 Request Data: {"token": "a57a2e444f8e5d64cd750795c2d7731e", "type": "Smelting", "itemKey": "ironbar", "count": 1}
2025-10-09 14:18:40,035 - ERROR -    📤 Request Params: None
2025-10-09 14:18:40,035 - ERROR -    📥 Response Headers: {"X-Powered-By": "Express", "Content-Type": "application/json; charset=utf-8", "Content-Length": "248", "ETag": "W/\"f8-bbqsDmPCbU8YZ7iTynJC/rEcC38\"", "Date": "Thu, 09 Oct 2025 18:18:40 GMT", "Connection": "keep-alive", "Keep-Alive": "timeout=5"}
2025-10-09 14:18:40,036 - ERROR -    📥 Full Response: {"status":"error","message":"Missing required materials","missingMaterials":[{"key":"coal","name":"Coal","required":1,"available":0,"missing":1}],"requirements":[{"key":"ironore","name":"Iron Ore","count":1},{"key":"coal","name":"Coal","count":1}]}
2025-10-09 14:18:41,040 - ERROR - ❌ [HTTP ERROR] POST /ai/craft - Attempt 2/3
2025-10-09 14:18:41,041 - ERROR -    📍 URL: http://localhost:7031/ai/craft
2025-10-09 14:18:41,041 - ERROR -    📊 Status Code: 400
2025-10-09 14:18:41,041 - ERROR -    💬 Error Message: Missing required materials
2025-10-09 14:18:41,041 - ERROR -    📤 Request Data: {"token": "a57a2e444f8e5d64cd750795c2d7731e", "type": "Smelting", "itemKey": "ironbar", "count": 1}
2025-10-09 14:18:41,041 - ERROR -    📤 Request Params: None
2025-10-09 14:18:41,041 - ERROR -    📥 Response Headers: {"X-Powered-By": "Express", "Content-Type": "application/json; charset=utf-8", "Content-Length": "248", "ETag": "W/\"f8-bbqsDmPCbU8YZ7iTynJC/rEcC38\"", "Date": "Thu, 09 Oct 2025 18:18:41 GMT", "Connection": "keep-alive", "Keep-Alive": "timeout=5"}
2025-10-09 14:18:41,041 - ERROR -    📥 Full Response: {"status":"error","message":"Missing required materials","missingMaterials":[{"key":"coal","name":"Coal","required":1,"available":0,"missing":1}],"requirements":[{"key":"ironore","name":"Iron Ore","count":1},{"key":"coal","name":"Coal","count":1}]}
2025-10-09 14:18:41,042 - ERROR - ❌ [HTTP ERROR] POST /ai/craft - Attempt 2/3
2025-10-09 14:18:41,042 - ERROR -    📍 URL: http://localhost:7031/ai/craft
2025-10-09 14:18:41,042 - ERROR -    📊 Status Code: 400
2025-10-09 14:18:41,042 - ERROR -    💬 Error Message: Missing required materials
2025-10-09 14:18:41,042 - ERROR -    📤 Request Data: {"token": "a57a2e444f8e5d64cd750795c2d7731e", "type": "Smelting", "itemKey": "ironbar", "count": 1}
2025-10-09 14:18:41,042 - ERROR -    📤 Request Params: None
2025-10-09 14:18:41,042 - ERROR -    📥 Response Headers: {"X-Powered-By": "Express", "Content-Type": "application/json; charset=utf-8", "Content-Length": "248", "ETag": "W/\"f8-bbqsDmPCbU8YZ7iTynJC/rEcC38\"", "Date": "Thu, 09 Oct 2025 18:18:41 GMT", "Connection": "keep-alive", "Keep-Alive": "timeout=5"}
2025-10-09 14:18:41,043 - ERROR -    📥 Full Response: {"status":"error","message":"Missing required materials","missingMaterials":[{"key":"coal","name":"Coal","required":1,"available":0,"missing":1}],"requirements":[{"key":"ironore","name":"Iron Ore","count":1},{"key":"coal","name":"Coal","count":1}]}
2025-10-09 14:18:42,048 - ERROR - ❌ [HTTP ERROR] POST /ai/craft - Attempt 3/3
2025-10-09 14:18:42,048 - ERROR -    📍 URL: http://localhost:7031/ai/craft
2025-10-09 14:18:42,048 - ERROR -    📊 Status Code: 400
2025-10-09 14:18:42,048 - ERROR -    💬 Error Message: Missing required materials
2025-10-09 14:18:42,048 - ERROR -    📤 Request Data: {"token": "a57a2e444f8e5d64cd750795c2d7731e", "type": "Smelting", "itemKey": "ironbar", "count": 1}
2025-10-09 14:18:42,049 - ERROR -    📤 Request Params: None
2025-10-09 14:18:42,049 - ERROR -    📥 Response Headers: {"X-Powered-By": "Express", "Content-Type": "application/json; charset=utf-8", "Content-Length": "248", "ETag": "W/\"f8-bbqsDmPCbU8YZ7iTynJC/rEcC38\"", "Date": "Thu, 09 Oct 2025 18:18:42 GMT", "Connection": "keep-alive", "Keep-Alive": "timeout=5"}
2025-10-09 14:18:42,049 - ERROR -    📥 Full Response: {"status":"error","message":"Missing required materials","missingMaterials":[{"key":"coal","name":"Coal","required":1,"available":0,"missing":1}],"requirements":[{"key":"ironore","name":"Iron Ore","count":1},{"key":"coal","name":"Coal","count":1}]}
2025-10-09 14:18:42,049 - ERROR - ❌ [HTTP ERROR] POST /ai/craft - Attempt 3/3
2025-10-09 14:18:42,049 - ERROR -    📍 URL: http://localhost:7031/ai/craft
2025-10-09 14:18:42,049 - ERROR -    📊 Status Code: 400
2025-10-09 14:18:42,049 - ERROR -    💬 Error Message: Missing required materials
2025-10-09 14:18:42,050 - ERROR -    📤 Request Data: {"token": "a57a2e444f8e5d64cd750795c2d7731e", "type": "Smelting", "itemKey": "ironbar", "count": 1}
2025-10-09 14:18:42,050 - ERROR -    📤 Request Params: None
2025-10-09 14:18:42,050 - ERROR -    📥 Response Headers: {"X-Powered-By": "Express", "Content-Type": "application/json; charset=utf-8", "Content-Length": "248", "ETag": "W/\"f8-bbqsDmPCbU8YZ7iTynJC/rEcC38\"", "Date": "Thu, 09 Oct 2025 18:18:42 GMT", "Connection": "keep-alive", "Keep-Alive": "timeout=5"}
2025-10-09 14:18:42,050 - ERROR -    📥 Full Response: {"status":"error","message":"Missing required materials","missingMaterials":[{"key":"coal","name":"Coal","required":1,"available":0,"missing":1}],"requirements":[{"key":"ironore","name":"Iron Ore","count":1},{"key":"coal","name":"Coal","count":1}]}
2025-10-09 14:18:42,050 - ERROR - ❌ FINAL HTTP ERROR: HTTP 400 error after 3 attempts: 400 Client Error: Bad Request for url: http://localhost:7031/ai/craft
2025-10-09 14:42:01,180 - ERROR - ❌ [HTTP ERROR] POST /ai/craft - Attempt 1/3
2025-10-09 14:42:01,180 - ERROR -    📍 URL: http://localhost:7031/ai/craft
2025-10-09 14:42:01,180 - ERROR -    📊 Status Code: 400
2025-10-09 14:42:01,180 - ERROR -    💬 Error Message: Missing required materials
2025-10-09 14:42:01,180 - ERROR -    📤 Request Data: {"token": "a57a2e444f8e5d64cd750795c2d7731e", "type": "Smelting", "itemKey": "ironbar", "count": 1}
2025-10-09 14:42:01,181 - ERROR -    📤 Request Params: None
2025-10-09 14:42:01,181 - ERROR -    📥 Response Headers: {"X-Powered-By": "Express", "Content-Type": "application/json; charset=utf-8", "Content-Length": "248", "ETag": "W/\"f8-bbqsDmPCbU8YZ7iTynJC/rEcC38\"", "Date": "Thu, 09 Oct 2025 18:42:01 GMT", "Connection": "keep-alive", "Keep-Alive": "timeout=5"}
2025-10-09 14:42:01,181 - ERROR -    📥 Full Response: {"status":"error","message":"Missing required materials","missingMaterials":[{"key":"coal","name":"Coal","required":1,"available":0,"missing":1}],"requirements":[{"key":"ironore","name":"Iron Ore","count":1},{"key":"coal","name":"Coal","count":1}]}
2025-10-09 14:42:01,181 - ERROR - ❌ [HTTP ERROR] POST /ai/craft - Attempt 1/3
2025-10-09 14:42:01,181 - ERROR -    📍 URL: http://localhost:7031/ai/craft
2025-10-09 14:42:01,181 - ERROR -    📊 Status Code: 400
2025-10-09 14:42:01,181 - ERROR -    💬 Error Message: Missing required materials
2025-10-09 14:42:01,181 - ERROR -    📤 Request Data: {"token": "a57a2e444f8e5d64cd750795c2d7731e", "type": "Smelting", "itemKey": "ironbar", "count": 1}
2025-10-09 14:42:01,181 - ERROR -    📤 Request Params: None
2025-10-09 14:42:01,181 - ERROR -    📥 Response Headers: {"X-Powered-By": "Express", "Content-Type": "application/json; charset=utf-8", "Content-Length": "248", "ETag": "W/\"f8-bbqsDmPCbU8YZ7iTynJC/rEcC38\"", "Date": "Thu, 09 Oct 2025 18:42:01 GMT", "Connection": "keep-alive", "Keep-Alive": "timeout=5"}
2025-10-09 14:42:01,182 - ERROR -    📥 Full Response: {"status":"error","message":"Missing required materials","missingMaterials":[{"key":"coal","name":"Coal","required":1,"available":0,"missing":1}],"requirements":[{"key":"ironore","name":"Iron Ore","count":1},{"key":"coal","name":"Coal","count":1}]}
2025-10-09 14:42:02,186 - ERROR - ❌ [HTTP ERROR] POST /ai/craft - Attempt 2/3
2025-10-09 14:42:02,187 - ERROR -    📍 URL: http://localhost:7031/ai/craft
2025-10-09 14:42:02,187 - ERROR -    📊 Status Code: 400
2025-10-09 14:42:02,187 - ERROR -    💬 Error Message: Missing required materials
2025-10-09 14:42:02,187 - ERROR -    📤 Request Data: {"token": "a57a2e444f8e5d64cd750795c2d7731e", "type": "Smelting", "itemKey": "ironbar", "count": 1}
2025-10-09 14:42:02,187 - ERROR -    📤 Request Params: None
2025-10-09 14:42:02,187 - ERROR -    📥 Response Headers: {"X-Powered-By": "Express", "Content-Type": "application/json; charset=utf-8", "Content-Length": "248", "ETag": "W/\"f8-bbqsDmPCbU8YZ7iTynJC/rEcC38\"", "Date": "Thu, 09 Oct 2025 18:42:02 GMT", "Connection": "keep-alive", "Keep-Alive": "timeout=5"}
2025-10-09 14:42:02,187 - ERROR -    📥 Full Response: {"status":"error","message":"Missing required materials","missingMaterials":[{"key":"coal","name":"Coal","required":1,"available":0,"missing":1}],"requirements":[{"key":"ironore","name":"Iron Ore","count":1},{"key":"coal","name":"Coal","count":1}]}
2025-10-09 14:42:02,188 - ERROR - ❌ [HTTP ERROR] POST /ai/craft - Attempt 2/3
2025-10-09 14:42:02,188 - ERROR -    📍 URL: http://localhost:7031/ai/craft
2025-10-09 14:42:02,188 - ERROR -    📊 Status Code: 400
2025-10-09 14:42:02,188 - ERROR -    💬 Error Message: Missing required materials
2025-10-09 14:42:02,188 - ERROR -    📤 Request Data: {"token": "a57a2e444f8e5d64cd750795c2d7731e", "type": "Smelting", "itemKey": "ironbar", "count": 1}
2025-10-09 14:42:02,188 - ERROR -    📤 Request Params: None
2025-10-09 14:42:02,188 - ERROR -    📥 Response Headers: {"X-Powered-By": "Express", "Content-Type": "application/json; charset=utf-8", "Content-Length": "248", "ETag": "W/\"f8-bbqsDmPCbU8YZ7iTynJC/rEcC38\"", "Date": "Thu, 09 Oct 2025 18:42:02 GMT", "Connection": "keep-alive", "Keep-Alive": "timeout=5"}
2025-10-09 14:42:02,188 - ERROR -    📥 Full Response: {"status":"error","message":"Missing required materials","missingMaterials":[{"key":"coal","name":"Coal","required":1,"available":0,"missing":1}],"requirements":[{"key":"ironore","name":"Iron Ore","count":1},{"key":"coal","name":"Coal","count":1}]}
2025-10-09 14:42:03,193 - ERROR - ❌ [HTTP ERROR] POST /ai/craft - Attempt 3/3
2025-10-09 14:42:03,193 - ERROR -    📍 URL: http://localhost:7031/ai/craft
2025-10-09 14:42:03,194 - ERROR -    📊 Status Code: 400
2025-10-09 14:42:03,194 - ERROR -    💬 Error Message: Missing required materials
2025-10-09 14:42:03,194 - ERROR -    📤 Request Data: {"token": "a57a2e444f8e5d64cd750795c2d7731e", "type": "Smelting", "itemKey": "ironbar", "count": 1}
2025-10-09 14:42:03,194 - ERROR -    📤 Request Params: None
2025-10-09 14:42:03,194 - ERROR -    📥 Response Headers: {"X-Powered-By": "Express", "Content-Type": "application/json; charset=utf-8", "Content-Length": "248", "ETag": "W/\"f8-bbqsDmPCbU8YZ7iTynJC/rEcC38\"", "Date": "Thu, 09 Oct 2025 18:42:03 GMT", "Connection": "keep-alive", "Keep-Alive": "timeout=5"}
2025-10-09 14:42:03,194 - ERROR -    📥 Full Response: {"status":"error","message":"Missing required materials","missingMaterials":[{"key":"coal","name":"Coal","required":1,"available":0,"missing":1}],"requirements":[{"key":"ironore","name":"Iron Ore","count":1},{"key":"coal","name":"Coal","count":1}]}
2025-10-09 14:42:03,194 - ERROR - ❌ [HTTP ERROR] POST /ai/craft - Attempt 3/3
2025-10-09 14:42:03,195 - ERROR -    📍 URL: http://localhost:7031/ai/craft
2025-10-09 14:42:03,195 - ERROR -    📊 Status Code: 400
2025-10-09 14:42:03,195 - ERROR -    💬 Error Message: Missing required materials
2025-10-09 14:42:03,195 - ERROR -    📤 Request Data: {"token": "a57a2e444f8e5d64cd750795c2d7731e", "type": "Smelting", "itemKey": "ironbar", "count": 1}
2025-10-09 14:42:03,195 - ERROR -    📤 Request Params: None
2025-10-09 14:42:03,195 - ERROR -    📥 Response Headers: {"X-Powered-By": "Express", "Content-Type": "application/json; charset=utf-8", "Content-Length": "248", "ETag": "W/\"f8-bbqsDmPCbU8YZ7iTynJC/rEcC38\"", "Date": "Thu, 09 Oct 2025 18:42:03 GMT", "Connection": "keep-alive", "Keep-Alive": "timeout=5"}
2025-10-09 14:42:03,195 - ERROR -    📥 Full Response: {"status":"error","message":"Missing required materials","missingMaterials":[{"key":"coal","name":"Coal","required":1,"available":0,"missing":1}],"requirements":[{"key":"ironore","name":"Iron Ore","count":1},{"key":"coal","name":"Coal","count":1}]}
2025-10-09 14:42:03,195 - ERROR - ❌ FINAL HTTP ERROR: HTTP 400 error after 3 attempts: 400 Client Error: Bad Request for url: http://localhost:7031/ai/craft
