2025-10-09 15:11:15,351 - ERROR - ❌ [HTTP ERROR] POST /ai/craft - Attempt 1/3
2025-10-09 15:11:15,351 - ERROR -    📍 URL: http://localhost:7031/ai/craft
2025-10-09 15:11:15,352 - ERROR -    📊 Status Code: 400
2025-10-09 15:11:15,352 - ERROR -    💬 Error Message: Missing required materials
2025-10-09 15:11:15,352 - ERROR -    📤 Request Data: {"token": "0a5fd88d916d5ffc4c7959dd9df9ac8f", "type": "Smelting", "itemKey": "ironbar", "count": 1}
2025-10-09 15:11:15,352 - ERROR -    📤 Request Params: None
2025-10-09 15:11:15,352 - ERROR -    📥 Response Headers: {"X-Powered-By": "Express", "Content-Type": "application/json; charset=utf-8", "Content-Length": "248", "ETag": "W/\"f8-bbqsDmPCbU8YZ7iTynJC/rEcC38\"", "Date": "Thu, 09 Oct 2025 19:11:15 GMT", "Connection": "keep-alive", "Keep-Alive": "timeout=5"}
2025-10-09 15:11:15,352 - ERROR -    📥 Full Response: {"status":"error","message":"Missing required materials","missingMaterials":[{"key":"coal","name":"Coal","required":1,"available":0,"missing":1}],"requirements":[{"key":"ironore","name":"Iron Ore","count":1},{"key":"coal","name":"Coal","count":1}]}
2025-10-09 15:11:15,352 - ERROR - ❌ [HTTP ERROR] POST /ai/craft - Attempt 1/3
2025-10-09 15:11:15,353 - ERROR -    📍 URL: http://localhost:7031/ai/craft
2025-10-09 15:11:15,353 - ERROR -    📊 Status Code: 400
2025-10-09 15:11:15,353 - ERROR -    💬 Error Message: Missing required materials
2025-10-09 15:11:15,353 - ERROR -    📤 Request Data: {"token": "0a5fd88d916d5ffc4c7959dd9df9ac8f", "type": "Smelting", "itemKey": "ironbar", "count": 1}
2025-10-09 15:11:15,353 - ERROR -    📤 Request Params: None
2025-10-09 15:11:15,353 - ERROR -    📥 Response Headers: {"X-Powered-By": "Express", "Content-Type": "application/json; charset=utf-8", "Content-Length": "248", "ETag": "W/\"f8-bbqsDmPCbU8YZ7iTynJC/rEcC38\"", "Date": "Thu, 09 Oct 2025 19:11:15 GMT", "Connection": "keep-alive", "Keep-Alive": "timeout=5"}
2025-10-09 15:11:15,353 - ERROR -    📥 Full Response: {"status":"error","message":"Missing required materials","missingMaterials":[{"key":"coal","name":"Coal","required":1,"available":0,"missing":1}],"requirements":[{"key":"ironore","name":"Iron Ore","count":1},{"key":"coal","name":"Coal","count":1}]}
2025-10-09 15:11:16,358 - ERROR - ❌ [HTTP ERROR] POST /ai/craft - Attempt 2/3
2025-10-09 15:11:16,359 - ERROR -    📍 URL: http://localhost:7031/ai/craft
2025-10-09 15:11:16,359 - ERROR -    📊 Status Code: 400
2025-10-09 15:11:16,359 - ERROR -    💬 Error Message: Missing required materials
2025-10-09 15:11:16,359 - ERROR -    📤 Request Data: {"token": "0a5fd88d916d5ffc4c7959dd9df9ac8f", "type": "Smelting", "itemKey": "ironbar", "count": 1}
2025-10-09 15:11:16,359 - ERROR -    📤 Request Params: None
2025-10-09 15:11:16,359 - ERROR -    📥 Response Headers: {"X-Powered-By": "Express", "Content-Type": "application/json; charset=utf-8", "Content-Length": "248", "ETag": "W/\"f8-bbqsDmPCbU8YZ7iTynJC/rEcC38\"", "Date": "Thu, 09 Oct 2025 19:11:16 GMT", "Connection": "keep-alive", "Keep-Alive": "timeout=5"}
2025-10-09 15:11:16,359 - ERROR -    📥 Full Response: {"status":"error","message":"Missing required materials","missingMaterials":[{"key":"coal","name":"Coal","required":1,"available":0,"missing":1}],"requirements":[{"key":"ironore","name":"Iron Ore","count":1},{"key":"coal","name":"Coal","count":1}]}
2025-10-09 15:11:16,360 - ERROR - ❌ [HTTP ERROR] POST /ai/craft - Attempt 2/3
2025-10-09 15:11:16,360 - ERROR -    📍 URL: http://localhost:7031/ai/craft
2025-10-09 15:11:16,360 - ERROR -    📊 Status Code: 400
2025-10-09 15:11:16,360 - ERROR -    💬 Error Message: Missing required materials
2025-10-09 15:11:16,360 - ERROR -    📤 Request Data: {"token": "0a5fd88d916d5ffc4c7959dd9df9ac8f", "type": "Smelting", "itemKey": "ironbar", "count": 1}
2025-10-09 15:11:16,360 - ERROR -    📤 Request Params: None
2025-10-09 15:11:16,360 - ERROR -    📥 Response Headers: {"X-Powered-By": "Express", "Content-Type": "application/json; charset=utf-8", "Content-Length": "248", "ETag": "W/\"f8-bbqsDmPCbU8YZ7iTynJC/rEcC38\"", "Date": "Thu, 09 Oct 2025 19:11:16 GMT", "Connection": "keep-alive", "Keep-Alive": "timeout=5"}
2025-10-09 15:11:16,360 - ERROR -    📥 Full Response: {"status":"error","message":"Missing required materials","missingMaterials":[{"key":"coal","name":"Coal","required":1,"available":0,"missing":1}],"requirements":[{"key":"ironore","name":"Iron Ore","count":1},{"key":"coal","name":"Coal","count":1}]}
2025-10-09 15:11:17,365 - ERROR - ❌ [HTTP ERROR] POST /ai/craft - Attempt 3/3
2025-10-09 15:11:17,366 - ERROR -    📍 URL: http://localhost:7031/ai/craft
2025-10-09 15:11:17,366 - ERROR -    📊 Status Code: 400
2025-10-09 15:11:17,366 - ERROR -    💬 Error Message: Missing required materials
2025-10-09 15:11:17,366 - ERROR -    📤 Request Data: {"token": "0a5fd88d916d5ffc4c7959dd9df9ac8f", "type": "Smelting", "itemKey": "ironbar", "count": 1}
2025-10-09 15:11:17,366 - ERROR -    📤 Request Params: None
2025-10-09 15:11:17,366 - ERROR -    📥 Response Headers: {"X-Powered-By": "Express", "Content-Type": "application/json; charset=utf-8", "Content-Length": "248", "ETag": "W/\"f8-bbqsDmPCbU8YZ7iTynJC/rEcC38\"", "Date": "Thu, 09 Oct 2025 19:11:17 GMT", "Connection": "keep-alive", "Keep-Alive": "timeout=5"}
2025-10-09 15:11:17,366 - ERROR -    📥 Full Response: {"status":"error","message":"Missing required materials","missingMaterials":[{"key":"coal","name":"Coal","required":1,"available":0,"missing":1}],"requirements":[{"key":"ironore","name":"Iron Ore","count":1},{"key":"coal","name":"Coal","count":1}]}
2025-10-09 15:11:17,367 - ERROR - ❌ [HTTP ERROR] POST /ai/craft - Attempt 3/3
2025-10-09 15:11:17,367 - ERROR -    📍 URL: http://localhost:7031/ai/craft
2025-10-09 15:11:17,367 - ERROR -    📊 Status Code: 400
2025-10-09 15:11:17,367 - ERROR -    💬 Error Message: Missing required materials
2025-10-09 15:11:17,367 - ERROR -    📤 Request Data: {"token": "0a5fd88d916d5ffc4c7959dd9df9ac8f", "type": "Smelting", "itemKey": "ironbar", "count": 1}
2025-10-09 15:11:17,367 - ERROR -    📤 Request Params: None
2025-10-09 15:11:17,367 - ERROR -    📥 Response Headers: {"X-Powered-By": "Express", "Content-Type": "application/json; charset=utf-8", "Content-Length": "248", "ETag": "W/\"f8-bbqsDmPCbU8YZ7iTynJC/rEcC38\"", "Date": "Thu, 09 Oct 2025 19:11:17 GMT", "Connection": "keep-alive", "Keep-Alive": "timeout=5"}
2025-10-09 15:11:17,367 - ERROR -    📥 Full Response: {"status":"error","message":"Missing required materials","missingMaterials":[{"key":"coal","name":"Coal","required":1,"available":0,"missing":1}],"requirements":[{"key":"ironore","name":"Iron Ore","count":1},{"key":"coal","name":"Coal","count":1}]}
2025-10-09 15:11:17,368 - ERROR - ❌ FINAL HTTP ERROR: HTTP 400 error after 3 attempts: 400 Client Error: Bad Request for url: http://localhost:7031/ai/craft
2025-10-09 15:15:43,326 - ERROR - ❌ [RESOURCE ERROR] Resource with instance 63851407 not found!
2025-10-09 15:15:43,327 - ERROR -    - Available resources in environment:
2025-10-09 15:15:43,327 - ERROR -      [0] Instance: 63633552, Name: Pine Tree, Position: (346, 156)
2025-10-09 15:15:43,327 - ERROR -      [1] Instance: 64938535, Name: Willow Tree, Position: (250, 151)
2025-10-09 15:15:43,327 - ERROR -      [2] Instance: 610876572, Name: Willow Tree, Position: (259, 164)
2025-10-09 15:15:43,327 - ERROR -      [3] Instance: 618378503, Name: Snowoak Tree, Position: (329, 140)
2025-10-09 15:15:43,327 - ERROR -      [4] Instance: 618769472, Name: Willow Tree, Position: (253, 130)
2025-10-09 15:15:43,327 - ERROR -      [5] Instance: 619842532, Name: Willow Tree, Position: (237, 150)
2025-10-09 15:15:43,327 - ERROR -      [6] Instance: 623431533, Name: Snowoak Tree, Position: (336, 150)
2025-10-09 15:15:43,328 - ERROR -      [7] Instance: 639619551, Name: Pine Tree, Position: (327, 156)
2025-10-09 15:15:43,328 - ERROR -      [8] Instance: 669452590, Name: Pine Tree, Position: (330, 172)
2025-10-09 15:15:43,328 - ERROR -      [9] Instance: 679661578, Name: Pine Tree, Position: (336, 168)
2025-10-09 15:15:43,328 - ERROR -      [10] Instance: 682265542, Name: Snowoak Tree, Position: (353, 154)
2025-10-09 15:15:43,328 - ERROR -      [11] Instance: 685508508, Name: Willow Tree, Position: (247, 141)
2025-10-09 15:15:43,328 - ERROR -      [12] Instance: 689786617, Name: Snowoak Tree, Position: (323, 183)
2025-10-09 15:15:43,328 - ERROR -      [13] Instance: 695593611, Name: Willow Tree, Position: (261, 181)
2025-10-09 15:15:43,328 - ERROR -      [14] Instance: 623631261, Name: Fishing Spot, Position: (260, 188)
2025-10-09 15:15:43,328 - ERROR -      [15] Instance: 621441487, Name: Bluelily Plant, Position: (253, 159)
2025-10-09 15:15:43,328 - ERROR -      [16] Instance: 640811525, Name: Bluelily Plant, Position: (293, 199)
2025-10-09 15:15:43,328 - ERROR -      [17] Instance: 641681503, Name: Bluelily Plant, Position: (267, 169)
2025-10-09 15:15:43,329 - ERROR -      [18] Instance: 670241488, Name: Tomato Plant, Position: (232, 160)
2025-10-09 15:15:43,329 - ERROR -      [19] Instance: 681511509, Name: Bluelily Plant, Position: (285, 176)
2025-10-09 15:15:43,329 - ERROR -      [20] Instance: 694551447, Name: Bluelily Plant, Position: (306, 118)
2025-10-09 15:15:43,329 - ERROR -      [21] Instance: 6840601446, Name: Bluelily Plant, Position: (296, 118)
2025-10-09 15:15:43,329 - ERROR -      [22] Instance: 6217841448, Name: Bluelily Plant, Position: (312, 118)
2025-10-09 15:15:43,329 - ERROR -      [23] Instance: 6748001453, Name: Bluelily Plant, Position: (278, 120)
2025-10-09 15:15:43,329 - ERROR -      [24] Instance: 6323941455, Name: Bluelily Plant, Position: (290, 123)
2025-10-09 15:15:43,329 - ERROR -      [25] Instance: 6523301457, Name: Bluelily Plant, Position: (284, 125)
2025-10-09 15:15:43,329 - ERROR -      [26] Instance: 6306631458, Name: Bluelily Plant, Position: (303, 126)
2025-10-09 15:15:43,329 - ERROR -      [27] Instance: 6183331459, Name: Bluelily Plant, Position: (265, 127)
2025-10-09 15:15:43,330 - ERROR -      [28] Instance: 6696531461, Name: Bluelily Plant, Position: (313, 128)
2025-10-09 15:15:43,330 - ERROR -      [29] Instance: 6770571462, Name: Bluelily Plant, Position: (272, 129)
2025-10-09 15:15:43,330 - ERROR -      [30] Instance: 6771161463, Name: Bluelily Plant, Position: (308, 129)
2025-10-09 15:15:43,330 - ERROR -      [31] Instance: 6754461466, Name: Tomato Plant, Position: (264, 133)
2025-10-09 15:15:43,330 - ERROR -      [32] Instance: 6434541467, Name: Bluelily Plant, Position: (288, 135)
2025-10-09 15:15:43,330 - ERROR -      [33] Instance: 6661531468, Name: Bluelily Plant, Position: (314, 136)
2025-10-09 15:15:43,330 - ERROR -      [34] Instance: 6608771469, Name: Bluelily Plant, Position: (282, 139)
2025-10-09 15:15:43,330 - ERROR -      [35] Instance: 6446551470, Name: Bluelily Plant, Position: (302, 141)
2025-10-09 15:15:43,330 - ERROR -      [36] Instance: 6574701471, Name: Tomato Plant, Position: (265, 142)
2025-10-09 15:15:43,330 - ERROR -      [37] Instance: 6150051473, Name: Bluelily Plant, Position: (255, 144)
2025-10-09 15:15:43,330 - ERROR -      [38] Instance: 6253771474, Name: Bluelily Plant, Position: (266, 145)
2025-10-09 15:15:43,330 - ERROR -      [39] Instance: 6686971475, Name: Bluelily Plant, Position: (287, 147)
2025-10-09 15:15:43,331 - ERROR -      [40] Instance: 6611541477, Name: Bluelily Plant, Position: (273, 149)
2025-10-09 15:15:43,331 - ERROR -      [41] Instance: 6660241479, Name: Bluelily Plant, Position: (289, 150)
2025-10-09 15:15:43,331 - ERROR -      [42] Instance: 6340751481, Name: Bluelily Plant, Position: (243, 153)
2025-10-09 15:15:43,331 - ERROR -      [43] Instance: 6912671482, Name: Bluelily Plant, Position: (281, 153)
2025-10-09 15:15:43,331 - ERROR -      [44] Instance: 6804901484, Name: Bluelily Plant, Position: (310, 155)
2025-10-09 15:15:43,331 - ERROR -      [45] Instance: 6557671486, Name: Tomato Plant, Position: (242, 159)
2025-10-09 15:15:43,331 - ERROR -      [46] Instance: 6617971489, Name: Tomato Plant, Position: (265, 160)
2025-10-09 15:15:43,331 - ERROR -      [47] Instance: 6802381491, Name: Bluelily Plant, Position: (303, 161)
2025-10-09 15:15:43,331 - ERROR -      [48] Instance: 6756401493, Name: Bluelily Plant, Position: (239, 162)
2025-10-09 15:15:43,331 - ERROR -      [49] Instance: 6206631494, Name: Bluelily Plant, Position: (280, 162)
2025-10-09 15:15:43,331 - ERROR -      [50] Instance: 6292221495, Name: Bluelily Plant, Position: (290, 163)
2025-10-09 15:15:43,332 - ERROR -      [51] Instance: 6972581498, Name: Bluelily Plant, Position: (246, 168)
2025-10-09 15:15:43,332 - ERROR -      [52] Instance: 6249681499, Name: Bluelily Plant, Position: (315, 168)
2025-10-09 15:15:43,332 - ERROR -      [53] Instance: 6530821502, Name: Tomato Plant, Position: (250, 169)
2025-10-09 15:15:43,332 - ERROR -      [54] Instance: 6147211504, Name: Bluelily Plant, Position: (277, 169)
2025-10-09 15:15:43,332 - ERROR -      [55] Instance: 6465491505, Name: Bluelily Plant, Position: (295, 172)
2025-10-09 15:15:43,332 - ERROR -      [56] Instance: 6986881506, Name: Bluelily Plant, Position: (308, 172)
2025-10-09 15:15:43,332 - ERROR -      [57] Instance: 6423591510, Name: Bluelily Plant, Position: (266, 177)
2025-10-09 15:15:43,332 - ERROR -      [58] Instance: 6554241512, Name: Bluelily Plant, Position: (282, 180)
2025-10-09 15:15:43,332 - ERROR -      [59] Instance: 6246861515, Name: Bluelily Plant, Position: (290, 184)
2025-10-09 15:15:43,332 - ERROR -      [60] Instance: 6768321516, Name: Bluelily Plant, Position: (315, 184)
2025-10-09 15:15:43,332 - ERROR -      [61] Instance: 6725691517, Name: Bluelily Plant, Position: (274, 186)
2025-10-09 15:15:43,333 - ERROR -      [62] Instance: 6314001518, Name: Bluelily Plant, Position: (286, 190)
2025-10-09 15:15:43,333 - ERROR -      [63] Instance: 6489651520, Name: Bluelily Plant, Position: (311, 194)
2025-10-09 15:15:43,333 - ERROR -      [64] Instance: 6210561521, Name: Bluelily Plant, Position: (278, 196)
2025-10-09 15:15:43,333 - ERROR -      [65] Instance: 6966181522, Name: Bluelily Plant, Position: (300, 196)
2025-10-09 15:15:43,333 - ERROR -      [66] Instance: 6490161527, Name: Bluelily Plant, Position: (273, 200)
2025-10-09 15:15:43,333 - ERROR -      [67] Instance: 6174021530, Name: Bluelily Plant, Position: (304, 203)
2025-10-09 15:15:43,333 - ERROR -      [68] Instance: 6798661538, Name: Bluelily Plant, Position: (286, 208)
2025-10-09 15:15:43,333 - ERROR -    - Total resources found: 69
2025-10-09 15:15:43,333 - ERROR -    - Requested instance: 63851407
2025-10-09 15:16:54,097 - ERROR - ❌ [RESOURCE ERROR] Resource with instance 62549031 not found!
2025-10-09 15:16:54,097 - ERROR -    - Available resources in environment:
2025-10-09 15:16:54,097 - ERROR -      [0] Instance: 63633552, Name: Pine Tree, Position: (346, 156)
2025-10-09 15:16:54,097 - ERROR -      [1] Instance: 64938535, Name: Willow Tree, Position: (250, 151)
2025-10-09 15:16:54,097 - ERROR -      [2] Instance: 610876572, Name: Willow Tree, Position: (259, 164)
2025-10-09 15:16:54,097 - ERROR -      [3] Instance: 618378503, Name: Snowoak Tree, Position: (329, 140)
2025-10-09 15:16:54,098 - ERROR -      [4] Instance: 618769472, Name: Willow Tree, Position: (253, 130)
2025-10-09 15:16:54,098 - ERROR -      [5] Instance: 619842532, Name: Willow Tree, Position: (237, 150)
2025-10-09 15:16:54,098 - ERROR -      [6] Instance: 623431533, Name: Snowoak Tree, Position: (336, 150)
2025-10-09 15:16:54,098 - ERROR -      [7] Instance: 639619551, Name: Pine Tree, Position: (327, 156)
2025-10-09 15:16:54,098 - ERROR -      [8] Instance: 669452590, Name: Pine Tree, Position: (330, 172)
2025-10-09 15:16:54,098 - ERROR -      [9] Instance: 679661578, Name: Pine Tree, Position: (336, 168)
2025-10-09 15:16:54,098 - ERROR -      [10] Instance: 682265542, Name: Snowoak Tree, Position: (353, 154)
2025-10-09 15:16:54,098 - ERROR -      [11] Instance: 685508508, Name: Willow Tree, Position: (247, 141)
2025-10-09 15:16:54,098 - ERROR -      [12] Instance: 689786617, Name: Snowoak Tree, Position: (323, 183)
2025-10-09 15:16:54,098 - ERROR -      [13] Instance: 695593611, Name: Willow Tree, Position: (261, 181)
2025-10-09 15:16:54,098 - ERROR -      [14] Instance: 623631261, Name: Fishing Spot, Position: (260, 188)
2025-10-09 15:16:54,099 - ERROR -      [15] Instance: 621441487, Name: Bluelily Plant, Position: (253, 159)
2025-10-09 15:16:54,099 - ERROR -      [16] Instance: 640811525, Name: Bluelily Plant, Position: (293, 199)
2025-10-09 15:16:54,099 - ERROR -      [17] Instance: 641681503, Name: Bluelily Plant, Position: (267, 169)
2025-10-09 15:16:54,099 - ERROR -      [18] Instance: 670241488, Name: Tomato Plant, Position: (232, 160)
2025-10-09 15:16:54,099 - ERROR -      [19] Instance: 681511509, Name: Bluelily Plant, Position: (285, 176)
2025-10-09 15:16:54,099 - ERROR -      [20] Instance: 694551447, Name: Bluelily Plant, Position: (306, 118)
2025-10-09 15:16:54,099 - ERROR -      [21] Instance: 6840601446, Name: Bluelily Plant, Position: (296, 118)
2025-10-09 15:16:54,099 - ERROR -      [22] Instance: 6217841448, Name: Bluelily Plant, Position: (312, 118)
2025-10-09 15:16:54,099 - ERROR -      [23] Instance: 6748001453, Name: Bluelily Plant, Position: (278, 120)
2025-10-09 15:16:54,099 - ERROR -      [24] Instance: 6323941455, Name: Bluelily Plant, Position: (290, 123)
2025-10-09 15:16:54,099 - ERROR -      [25] Instance: 6523301457, Name: Bluelily Plant, Position: (284, 125)
2025-10-09 15:16:54,100 - ERROR -      [26] Instance: 6306631458, Name: Bluelily Plant, Position: (303, 126)
2025-10-09 15:16:54,100 - ERROR -      [27] Instance: 6183331459, Name: Bluelily Plant, Position: (265, 127)
2025-10-09 15:16:54,100 - ERROR -      [28] Instance: 6696531461, Name: Bluelily Plant, Position: (313, 128)
2025-10-09 15:16:54,100 - ERROR -      [29] Instance: 6770571462, Name: Bluelily Plant, Position: (272, 129)
2025-10-09 15:16:54,100 - ERROR -      [30] Instance: 6771161463, Name: Bluelily Plant, Position: (308, 129)
2025-10-09 15:16:54,100 - ERROR -      [31] Instance: 6754461466, Name: Tomato Plant, Position: (264, 133)
2025-10-09 15:16:54,100 - ERROR -      [32] Instance: 6434541467, Name: Bluelily Plant, Position: (288, 135)
2025-10-09 15:16:54,100 - ERROR -      [33] Instance: 6661531468, Name: Bluelily Plant, Position: (314, 136)
2025-10-09 15:16:54,100 - ERROR -      [34] Instance: 6608771469, Name: Bluelily Plant, Position: (282, 139)
2025-10-09 15:16:54,100 - ERROR -      [35] Instance: 6446551470, Name: Bluelily Plant, Position: (302, 141)
2025-10-09 15:16:54,100 - ERROR -      [36] Instance: 6574701471, Name: Tomato Plant, Position: (265, 142)
2025-10-09 15:16:54,101 - ERROR -      [37] Instance: 6150051473, Name: Bluelily Plant, Position: (255, 144)
2025-10-09 15:16:54,101 - ERROR -      [38] Instance: 6253771474, Name: Bluelily Plant, Position: (266, 145)
2025-10-09 15:16:54,101 - ERROR -      [39] Instance: 6686971475, Name: Bluelily Plant, Position: (287, 147)
2025-10-09 15:16:54,101 - ERROR -      [40] Instance: 6611541477, Name: Bluelily Plant, Position: (273, 149)
2025-10-09 15:16:54,101 - ERROR -      [41] Instance: 6660241479, Name: Bluelily Plant, Position: (289, 150)
2025-10-09 15:16:54,101 - ERROR -      [42] Instance: 6340751481, Name: Bluelily Plant, Position: (243, 153)
2025-10-09 15:16:54,101 - ERROR -      [43] Instance: 6912671482, Name: Bluelily Plant, Position: (281, 153)
2025-10-09 15:16:54,101 - ERROR -      [44] Instance: 6804901484, Name: Bluelily Plant, Position: (310, 155)
2025-10-09 15:16:54,101 - ERROR -      [45] Instance: 6557671486, Name: Tomato Plant, Position: (242, 159)
2025-10-09 15:16:54,101 - ERROR -      [46] Instance: 6617971489, Name: Tomato Plant, Position: (265, 160)
2025-10-09 15:16:54,102 - ERROR -      [47] Instance: 6802381491, Name: Bluelily Plant, Position: (303, 161)
2025-10-09 15:16:54,102 - ERROR -      [48] Instance: 6756401493, Name: Bluelily Plant, Position: (239, 162)
2025-10-09 15:16:54,102 - ERROR -      [49] Instance: 6206631494, Name: Bluelily Plant, Position: (280, 162)
2025-10-09 15:16:54,102 - ERROR -      [50] Instance: 6292221495, Name: Bluelily Plant, Position: (290, 163)
2025-10-09 15:16:54,102 - ERROR -      [51] Instance: 6972581498, Name: Bluelily Plant, Position: (246, 168)
2025-10-09 15:16:54,102 - ERROR -      [52] Instance: 6249681499, Name: Bluelily Plant, Position: (315, 168)
2025-10-09 15:16:54,102 - ERROR -      [53] Instance: 6530821502, Name: Tomato Plant, Position: (250, 169)
2025-10-09 15:16:54,102 - ERROR -      [54] Instance: 6147211504, Name: Bluelily Plant, Position: (277, 169)
2025-10-09 15:16:54,102 - ERROR -      [55] Instance: 6465491505, Name: Bluelily Plant, Position: (295, 172)
2025-10-09 15:16:54,102 - ERROR -      [56] Instance: 6986881506, Name: Bluelily Plant, Position: (308, 172)
2025-10-09 15:16:54,102 - ERROR -      [57] Instance: 6423591510, Name: Bluelily Plant, Position: (266, 177)
2025-10-09 15:16:54,102 - ERROR -      [58] Instance: 6554241512, Name: Bluelily Plant, Position: (282, 180)
2025-10-09 15:16:54,103 - ERROR -      [59] Instance: 6246861515, Name: Bluelily Plant, Position: (290, 184)
2025-10-09 15:16:54,103 - ERROR -      [60] Instance: 6768321516, Name: Bluelily Plant, Position: (315, 184)
2025-10-09 15:16:54,103 - ERROR -      [61] Instance: 6725691517, Name: Bluelily Plant, Position: (274, 186)
2025-10-09 15:16:54,103 - ERROR -      [62] Instance: 6314001518, Name: Bluelily Plant, Position: (286, 190)
2025-10-09 15:16:54,103 - ERROR -      [63] Instance: 6489651520, Name: Bluelily Plant, Position: (311, 194)
2025-10-09 15:16:54,103 - ERROR -      [64] Instance: 6210561521, Name: Bluelily Plant, Position: (278, 196)
2025-10-09 15:16:54,103 - ERROR -      [65] Instance: 6966181522, Name: Bluelily Plant, Position: (300, 196)
2025-10-09 15:16:54,103 - ERROR -      [66] Instance: 6490161527, Name: Bluelily Plant, Position: (273, 200)
2025-10-09 15:16:54,103 - ERROR -      [67] Instance: 6174021530, Name: Bluelily Plant, Position: (304, 203)
2025-10-09 15:16:54,103 - ERROR -      [68] Instance: 6798661538, Name: Bluelily Plant, Position: (286, 208)
2025-10-09 15:16:54,103 - ERROR -    - Total resources found: 69
2025-10-09 15:16:54,104 - ERROR -    - Requested instance: 62549031
2025-10-09 15:20:30,857 - ERROR - ❌ [HTTP ERROR] POST /ai/collect - Attempt 1/3
2025-10-09 15:20:30,857 - ERROR -    📍 URL: http://localhost:7031/ai/collect
2025-10-09 15:20:30,857 - ERROR -    📊 Status Code: 400
2025-10-09 15:20:30,857 - ERROR -    💬 Error Message: Too far from resource
2025-10-09 15:20:30,858 - ERROR -    📤 Request Data: {"token": "f0480616cfcee822be881f7bf7aa3211", "targetInstance": "694441890"}
2025-10-09 15:20:30,858 - ERROR -    📤 Request Params: None
2025-10-09 15:20:30,858 - ERROR -    📥 Response Headers: {"X-Powered-By": "Express", "Content-Type": "application/json; charset=utf-8", "Content-Length": "82", "ETag": "W/\"52-VThhttsMgptoU5RAeK3CKRHbpdk\"", "Date": "Thu, 09 Oct 2025 19:20:30 GMT", "Connection": "keep-alive", "Keep-Alive": "timeout=5"}
2025-10-09 15:20:30,858 - ERROR -    📥 Full Response: {"status":"error","message":"Too far from resource","distance":26,"maxDistance":2}
2025-10-09 15:20:30,858 - ERROR - ❌ [HTTP ERROR] POST /ai/collect - Attempt 1/3
2025-10-09 15:20:30,858 - ERROR -    📍 URL: http://localhost:7031/ai/collect
2025-10-09 15:20:30,858 - ERROR -    📊 Status Code: 400
2025-10-09 15:20:30,858 - ERROR -    💬 Error Message: Too far from resource
2025-10-09 15:20:30,858 - ERROR -    📤 Request Data: {"token": "f0480616cfcee822be881f7bf7aa3211", "targetInstance": "694441890"}
2025-10-09 15:20:30,858 - ERROR -    📤 Request Params: None
2025-10-09 15:20:30,858 - ERROR -    📥 Response Headers: {"X-Powered-By": "Express", "Content-Type": "application/json; charset=utf-8", "Content-Length": "82", "ETag": "W/\"52-VThhttsMgptoU5RAeK3CKRHbpdk\"", "Date": "Thu, 09 Oct 2025 19:20:30 GMT", "Connection": "keep-alive", "Keep-Alive": "timeout=5"}
2025-10-09 15:20:30,858 - ERROR -    📥 Full Response: {"status":"error","message":"Too far from resource","distance":26,"maxDistance":2}
2025-10-09 15:20:31,862 - ERROR - ❌ [HTTP ERROR] POST /ai/collect - Attempt 2/3
2025-10-09 15:20:31,862 - ERROR -    📍 URL: http://localhost:7031/ai/collect
2025-10-09 15:20:31,862 - ERROR -    📊 Status Code: 400
2025-10-09 15:20:31,863 - ERROR -    💬 Error Message: Too far from resource
2025-10-09 15:20:31,863 - ERROR -    📤 Request Data: {"token": "f0480616cfcee822be881f7bf7aa3211", "targetInstance": "694441890"}
2025-10-09 15:20:31,863 - ERROR -    📤 Request Params: None
2025-10-09 15:20:31,863 - ERROR -    📥 Response Headers: {"X-Powered-By": "Express", "Content-Type": "application/json; charset=utf-8", "Content-Length": "82", "ETag": "W/\"52-VThhttsMgptoU5RAeK3CKRHbpdk\"", "Date": "Thu, 09 Oct 2025 19:20:31 GMT", "Connection": "keep-alive", "Keep-Alive": "timeout=5"}
2025-10-09 15:20:31,863 - ERROR -    📥 Full Response: {"status":"error","message":"Too far from resource","distance":26,"maxDistance":2}
2025-10-09 15:20:31,863 - ERROR - ❌ [HTTP ERROR] POST /ai/collect - Attempt 2/3
2025-10-09 15:20:31,863 - ERROR -    📍 URL: http://localhost:7031/ai/collect
2025-10-09 15:20:31,863 - ERROR -    📊 Status Code: 400
2025-10-09 15:20:31,864 - ERROR -    💬 Error Message: Too far from resource
2025-10-09 15:20:31,864 - ERROR -    📤 Request Data: {"token": "f0480616cfcee822be881f7bf7aa3211", "targetInstance": "694441890"}
2025-10-09 15:20:31,864 - ERROR -    📤 Request Params: None
2025-10-09 15:20:31,864 - ERROR -    📥 Response Headers: {"X-Powered-By": "Express", "Content-Type": "application/json; charset=utf-8", "Content-Length": "82", "ETag": "W/\"52-VThhttsMgptoU5RAeK3CKRHbpdk\"", "Date": "Thu, 09 Oct 2025 19:20:31 GMT", "Connection": "keep-alive", "Keep-Alive": "timeout=5"}
2025-10-09 15:20:31,864 - ERROR -    📥 Full Response: {"status":"error","message":"Too far from resource","distance":26,"maxDistance":2}
2025-10-09 15:20:32,868 - ERROR - ❌ [HTTP ERROR] POST /ai/collect - Attempt 3/3
2025-10-09 15:20:32,869 - ERROR -    📍 URL: http://localhost:7031/ai/collect
2025-10-09 15:20:32,869 - ERROR -    📊 Status Code: 400
2025-10-09 15:20:32,869 - ERROR -    💬 Error Message: Too far from resource
2025-10-09 15:20:32,869 - ERROR -    📤 Request Data: {"token": "f0480616cfcee822be881f7bf7aa3211", "targetInstance": "694441890"}
2025-10-09 15:20:32,869 - ERROR -    📤 Request Params: None
2025-10-09 15:20:32,869 - ERROR -    📥 Response Headers: {"X-Powered-By": "Express", "Content-Type": "application/json; charset=utf-8", "Content-Length": "82", "ETag": "W/\"52-VThhttsMgptoU5RAeK3CKRHbpdk\"", "Date": "Thu, 09 Oct 2025 19:20:32 GMT", "Connection": "keep-alive", "Keep-Alive": "timeout=5"}
2025-10-09 15:20:32,869 - ERROR -    📥 Full Response: {"status":"error","message":"Too far from resource","distance":26,"maxDistance":2}
2025-10-09 15:20:32,870 - ERROR - ❌ [HTTP ERROR] POST /ai/collect - Attempt 3/3
2025-10-09 15:20:32,870 - ERROR -    📍 URL: http://localhost:7031/ai/collect
2025-10-09 15:20:32,870 - ERROR -    📊 Status Code: 400
2025-10-09 15:20:32,870 - ERROR -    💬 Error Message: Too far from resource
2025-10-09 15:20:32,870 - ERROR -    📤 Request Data: {"token": "f0480616cfcee822be881f7bf7aa3211", "targetInstance": "694441890"}
2025-10-09 15:20:32,870 - ERROR -    📤 Request Params: None
2025-10-09 15:20:32,870 - ERROR -    📥 Response Headers: {"X-Powered-By": "Express", "Content-Type": "application/json; charset=utf-8", "Content-Length": "82", "ETag": "W/\"52-VThhttsMgptoU5RAeK3CKRHbpdk\"", "Date": "Thu, 09 Oct 2025 19:20:32 GMT", "Connection": "keep-alive", "Keep-Alive": "timeout=5"}
2025-10-09 15:20:32,870 - ERROR -    📥 Full Response: {"status":"error","message":"Too far from resource","distance":26,"maxDistance":2}
2025-10-09 15:20:32,870 - ERROR - ❌ FINAL HTTP ERROR: HTTP 400 error after 3 attempts: 400 Client Error: Bad Request for url: http://localhost:7031/ai/collect
2025-10-09 15:20:32,871 - ERROR - ❌ HARVEST ERROR: Moved closer to Nisoc Rock at (279, 32) from position (278, 33). Failed to start mining Nisoc Rock: API returned status 'error' with message: HTTP 400 error after 3 attempts: 400 Client Error: Bad Request for url: http://localhost:7031/ai/collect
2025-10-09 15:23:40,176 - ERROR - ❌ [RESOURCE ERROR] Resource with instance 63851407 not found!
2025-10-09 15:23:40,176 - ERROR -    - Available resources in environment:
2025-10-09 15:23:40,177 - ERROR -      [0] Instance: 63633552, Name: Pine Tree, Position: (346, 156)
2025-10-09 15:23:40,177 - ERROR -      [1] Instance: 64938535, Name: Willow Tree, Position: (250, 151)
2025-10-09 15:23:40,177 - ERROR -      [2] Instance: 610876572, Name: Willow Tree, Position: (259, 164)
2025-10-09 15:23:40,177 - ERROR -      [3] Instance: 618378503, Name: Snowoak Tree, Position: (329, 140)
2025-10-09 15:23:40,177 - ERROR -      [4] Instance: 618769472, Name: Willow Tree, Position: (253, 130)
2025-10-09 15:23:40,177 - ERROR -      [5] Instance: 619842532, Name: Willow Tree, Position: (237, 150)
2025-10-09 15:23:40,177 - ERROR -      [6] Instance: 623431533, Name: Snowoak Tree, Position: (336, 150)
2025-10-09 15:23:40,177 - ERROR -      [7] Instance: 639619551, Name: Pine Tree, Position: (327, 156)
2025-10-09 15:23:40,178 - ERROR -      [8] Instance: 669452590, Name: Pine Tree, Position: (330, 172)
2025-10-09 15:23:40,178 - ERROR -      [9] Instance: 679661578, Name: Pine Tree, Position: (336, 168)
2025-10-09 15:23:40,178 - ERROR -      [10] Instance: 682265542, Name: Snowoak Tree, Position: (353, 154)
2025-10-09 15:23:40,178 - ERROR -      [11] Instance: 685508508, Name: Willow Tree, Position: (247, 141)
2025-10-09 15:23:40,178 - ERROR -      [12] Instance: 689786617, Name: Snowoak Tree, Position: (323, 183)
2025-10-09 15:23:40,178 - ERROR -      [13] Instance: 695593611, Name: Willow Tree, Position: (261, 181)
2025-10-09 15:23:40,178 - ERROR -      [14] Instance: 623631261, Name: Fishing Spot, Position: (260, 188)
2025-10-09 15:23:40,178 - ERROR -      [15] Instance: 621441487, Name: Bluelily Plant, Position: (253, 159)
2025-10-09 15:23:40,178 - ERROR -      [16] Instance: 640811525, Name: Bluelily Plant, Position: (293, 199)
2025-10-09 15:23:40,178 - ERROR -      [17] Instance: 641681503, Name: Bluelily Plant, Position: (267, 169)
2025-10-09 15:23:40,179 - ERROR -      [18] Instance: 670241488, Name: Tomato Plant, Position: (232, 160)
2025-10-09 15:23:40,179 - ERROR -      [19] Instance: 681511509, Name: Bluelily Plant, Position: (285, 176)
2025-10-09 15:23:40,179 - ERROR -      [20] Instance: 694551447, Name: Bluelily Plant, Position: (306, 118)
2025-10-09 15:23:40,179 - ERROR -      [21] Instance: 6840601446, Name: Bluelily Plant, Position: (296, 118)
2025-10-09 15:23:40,179 - ERROR -      [22] Instance: 6217841448, Name: Bluelily Plant, Position: (312, 118)
2025-10-09 15:23:40,179 - ERROR -      [23] Instance: 6748001453, Name: Bluelily Plant, Position: (278, 120)
2025-10-09 15:23:40,179 - ERROR -      [24] Instance: 6323941455, Name: Bluelily Plant, Position: (290, 123)
2025-10-09 15:23:40,179 - ERROR -      [25] Instance: 6523301457, Name: Bluelily Plant, Position: (284, 125)
2025-10-09 15:23:40,179 - ERROR -      [26] Instance: 6306631458, Name: Bluelily Plant, Position: (303, 126)
2025-10-09 15:23:40,180 - ERROR -      [27] Instance: 6183331459, Name: Bluelily Plant, Position: (265, 127)
2025-10-09 15:23:40,180 - ERROR -      [28] Instance: 6696531461, Name: Bluelily Plant, Position: (313, 128)
2025-10-09 15:23:40,180 - ERROR -      [29] Instance: 6770571462, Name: Bluelily Plant, Position: (272, 129)
2025-10-09 15:23:40,180 - ERROR -      [30] Instance: 6771161463, Name: Bluelily Plant, Position: (308, 129)
2025-10-09 15:23:40,180 - ERROR -      [31] Instance: 6754461466, Name: Tomato Plant, Position: (264, 133)
2025-10-09 15:23:40,180 - ERROR -      [32] Instance: 6434541467, Name: Bluelily Plant, Position: (288, 135)
2025-10-09 15:23:40,180 - ERROR -      [33] Instance: 6661531468, Name: Bluelily Plant, Position: (314, 136)
2025-10-09 15:23:40,180 - ERROR -      [34] Instance: 6608771469, Name: Bluelily Plant, Position: (282, 139)
2025-10-09 15:23:40,180 - ERROR -      [35] Instance: 6446551470, Name: Bluelily Plant, Position: (302, 141)
2025-10-09 15:23:40,180 - ERROR -      [36] Instance: 6574701471, Name: Tomato Plant, Position: (265, 142)
2025-10-09 15:23:40,181 - ERROR -      [37] Instance: 6150051473, Name: Bluelily Plant, Position: (255, 144)
2025-10-09 15:23:40,181 - ERROR -      [38] Instance: 6253771474, Name: Bluelily Plant, Position: (266, 145)
2025-10-09 15:23:40,181 - ERROR -      [39] Instance: 6686971475, Name: Bluelily Plant, Position: (287, 147)
2025-10-09 15:23:40,181 - ERROR -      [40] Instance: 6611541477, Name: Bluelily Plant, Position: (273, 149)
2025-10-09 15:23:40,181 - ERROR -      [41] Instance: 6660241479, Name: Bluelily Plant, Position: (289, 150)
2025-10-09 15:23:40,181 - ERROR -      [42] Instance: 6340751481, Name: Bluelily Plant, Position: (243, 153)
2025-10-09 15:23:40,181 - ERROR -      [43] Instance: 6912671482, Name: Bluelily Plant, Position: (281, 153)
2025-10-09 15:23:40,181 - ERROR -      [44] Instance: 6804901484, Name: Bluelily Plant, Position: (310, 155)
2025-10-09 15:23:40,181 - ERROR -      [45] Instance: 6557671486, Name: Tomato Plant, Position: (242, 159)
2025-10-09 15:23:40,181 - ERROR -      [46] Instance: 6617971489, Name: Tomato Plant, Position: (265, 160)
2025-10-09 15:23:40,182 - ERROR -      [47] Instance: 6802381491, Name: Bluelily Plant, Position: (303, 161)
2025-10-09 15:23:40,182 - ERROR -      [48] Instance: 6756401493, Name: Bluelily Plant, Position: (239, 162)
2025-10-09 15:23:40,182 - ERROR -      [49] Instance: 6206631494, Name: Bluelily Plant, Position: (280, 162)
2025-10-09 15:23:40,182 - ERROR -      [50] Instance: 6292221495, Name: Bluelily Plant, Position: (290, 163)
2025-10-09 15:23:40,182 - ERROR -      [51] Instance: 6972581498, Name: Bluelily Plant, Position: (246, 168)
2025-10-09 15:23:40,182 - ERROR -      [52] Instance: 6249681499, Name: Bluelily Plant, Position: (315, 168)
2025-10-09 15:23:40,182 - ERROR -      [53] Instance: 6530821502, Name: Tomato Plant, Position: (250, 169)
2025-10-09 15:23:40,182 - ERROR -      [54] Instance: 6147211504, Name: Bluelily Plant, Position: (277, 169)
2025-10-09 15:23:40,182 - ERROR -      [55] Instance: 6465491505, Name: Bluelily Plant, Position: (295, 172)
2025-10-09 15:23:40,182 - ERROR -      [56] Instance: 6986881506, Name: Bluelily Plant, Position: (308, 172)
2025-10-09 15:23:40,183 - ERROR -      [57] Instance: 6423591510, Name: Bluelily Plant, Position: (266, 177)
2025-10-09 15:23:40,183 - ERROR -      [58] Instance: 6554241512, Name: Bluelily Plant, Position: (282, 180)
2025-10-09 15:23:40,183 - ERROR -      [59] Instance: 6246861515, Name: Bluelily Plant, Position: (290, 184)
2025-10-09 15:23:40,183 - ERROR -      [60] Instance: 6768321516, Name: Bluelily Plant, Position: (315, 184)
2025-10-09 15:23:40,183 - ERROR -      [61] Instance: 6725691517, Name: Bluelily Plant, Position: (274, 186)
2025-10-09 15:23:40,183 - ERROR -      [62] Instance: 6314001518, Name: Bluelily Plant, Position: (286, 190)
2025-10-09 15:23:40,183 - ERROR -      [63] Instance: 6489651520, Name: Bluelily Plant, Position: (311, 194)
2025-10-09 15:23:40,183 - ERROR -      [64] Instance: 6210561521, Name: Bluelily Plant, Position: (278, 196)
2025-10-09 15:23:40,183 - ERROR -      [65] Instance: 6966181522, Name: Bluelily Plant, Position: (300, 196)
2025-10-09 15:23:40,183 - ERROR -      [66] Instance: 6490161527, Name: Bluelily Plant, Position: (273, 200)
2025-10-09 15:23:40,184 - ERROR -      [67] Instance: 6174021530, Name: Bluelily Plant, Position: (304, 203)
2025-10-09 15:23:40,184 - ERROR -      [68] Instance: 6798661538, Name: Bluelily Plant, Position: (286, 208)
2025-10-09 15:23:40,184 - ERROR -    - Total resources found: 69
2025-10-09 15:23:40,184 - ERROR -    - Requested instance: 63851407
2025-10-09 15:25:10,738 - ERROR - ❌ [RESOURCE ERROR] Resource with instance 62549031 not found!
2025-10-09 15:25:10,738 - ERROR -    - Available resources in environment:
2025-10-09 15:25:10,738 - ERROR -      [0] Instance: 63633552, Name: Pine Tree, Position: (346, 156)
2025-10-09 15:25:10,738 - ERROR -      [1] Instance: 64938535, Name: Willow Tree, Position: (250, 151)
2025-10-09 15:25:10,738 - ERROR -      [2] Instance: 610876572, Name: Willow Tree, Position: (259, 164)
2025-10-09 15:25:10,738 - ERROR -      [3] Instance: 618378503, Name: Snowoak Tree, Position: (329, 140)
2025-10-09 15:25:10,738 - ERROR -      [4] Instance: 618769472, Name: Willow Tree, Position: (253, 130)
2025-10-09 15:25:10,738 - ERROR -      [5] Instance: 619842532, Name: Willow Tree, Position: (237, 150)
2025-10-09 15:25:10,738 - ERROR -      [6] Instance: 623431533, Name: Snowoak Tree, Position: (336, 150)
2025-10-09 15:25:10,738 - ERROR -      [7] Instance: 639619551, Name: Pine Tree, Position: (327, 156)
2025-10-09 15:25:10,738 - ERROR -      [8] Instance: 669452590, Name: Pine Tree, Position: (330, 172)
2025-10-09 15:25:10,738 - ERROR -      [9] Instance: 679661578, Name: Pine Tree, Position: (336, 168)
2025-10-09 15:25:10,738 - ERROR -      [10] Instance: 682265542, Name: Snowoak Tree, Position: (353, 154)
2025-10-09 15:25:10,738 - ERROR -      [11] Instance: 685508508, Name: Willow Tree, Position: (247, 141)
2025-10-09 15:25:10,738 - ERROR -      [12] Instance: 689786617, Name: Snowoak Tree, Position: (323, 183)
2025-10-09 15:25:10,738 - ERROR -      [13] Instance: 695593611, Name: Willow Tree, Position: (261, 181)
2025-10-09 15:25:10,738 - ERROR -      [14] Instance: 623631261, Name: Fishing Spot, Position: (260, 188)
2025-10-09 15:25:10,738 - ERROR -      [15] Instance: 621441487, Name: Bluelily Plant, Position: (253, 159)
2025-10-09 15:25:10,739 - ERROR -      [16] Instance: 640811525, Name: Bluelily Plant, Position: (293, 199)
2025-10-09 15:25:10,739 - ERROR -      [17] Instance: 641681503, Name: Bluelily Plant, Position: (267, 169)
2025-10-09 15:25:10,739 - ERROR -      [18] Instance: 670241488, Name: Tomato Plant, Position: (232, 160)
2025-10-09 15:25:10,739 - ERROR -      [19] Instance: 681511509, Name: Bluelily Plant, Position: (285, 176)
2025-10-09 15:25:10,739 - ERROR -      [20] Instance: 694551447, Name: Bluelily Plant, Position: (306, 118)
2025-10-09 15:25:10,739 - ERROR -      [21] Instance: 6840601446, Name: Bluelily Plant, Position: (296, 118)
2025-10-09 15:25:10,739 - ERROR -      [22] Instance: 6217841448, Name: Bluelily Plant, Position: (312, 118)
2025-10-09 15:25:10,739 - ERROR -      [23] Instance: 6748001453, Name: Bluelily Plant, Position: (278, 120)
2025-10-09 15:25:10,739 - ERROR -      [24] Instance: 6323941455, Name: Bluelily Plant, Position: (290, 123)
2025-10-09 15:25:10,739 - ERROR -      [25] Instance: 6523301457, Name: Bluelily Plant, Position: (284, 125)
2025-10-09 15:25:10,739 - ERROR -      [26] Instance: 6306631458, Name: Bluelily Plant, Position: (303, 126)
2025-10-09 15:25:10,739 - ERROR -      [27] Instance: 6183331459, Name: Bluelily Plant, Position: (265, 127)
2025-10-09 15:25:10,739 - ERROR -      [28] Instance: 6696531461, Name: Bluelily Plant, Position: (313, 128)
2025-10-09 15:25:10,739 - ERROR -      [29] Instance: 6770571462, Name: Bluelily Plant, Position: (272, 129)
2025-10-09 15:25:10,739 - ERROR -      [30] Instance: 6771161463, Name: Bluelily Plant, Position: (308, 129)
2025-10-09 15:25:10,739 - ERROR -      [31] Instance: 6754461466, Name: Tomato Plant, Position: (264, 133)
2025-10-09 15:25:10,739 - ERROR -      [32] Instance: 6434541467, Name: Bluelily Plant, Position: (288, 135)
2025-10-09 15:25:10,739 - ERROR -      [33] Instance: 6661531468, Name: Bluelily Plant, Position: (314, 136)
2025-10-09 15:25:10,739 - ERROR -      [34] Instance: 6608771469, Name: Bluelily Plant, Position: (282, 139)
2025-10-09 15:25:10,739 - ERROR -      [35] Instance: 6446551470, Name: Bluelily Plant, Position: (302, 141)
2025-10-09 15:25:10,739 - ERROR -      [36] Instance: 6574701471, Name: Tomato Plant, Position: (265, 142)
2025-10-09 15:25:10,739 - ERROR -      [37] Instance: 6150051473, Name: Bluelily Plant, Position: (255, 144)
2025-10-09 15:25:10,739 - ERROR -      [38] Instance: 6253771474, Name: Bluelily Plant, Position: (266, 145)
2025-10-09 15:25:10,740 - ERROR -      [39] Instance: 6686971475, Name: Bluelily Plant, Position: (287, 147)
2025-10-09 15:25:10,740 - ERROR -      [40] Instance: 6611541477, Name: Bluelily Plant, Position: (273, 149)
2025-10-09 15:25:10,740 - ERROR -      [41] Instance: 6660241479, Name: Bluelily Plant, Position: (289, 150)
2025-10-09 15:25:10,740 - ERROR -      [42] Instance: 6340751481, Name: Bluelily Plant, Position: (243, 153)
2025-10-09 15:25:10,740 - ERROR -      [43] Instance: 6912671482, Name: Bluelily Plant, Position: (281, 153)
2025-10-09 15:25:10,740 - ERROR -      [44] Instance: 6804901484, Name: Bluelily Plant, Position: (310, 155)
2025-10-09 15:25:10,740 - ERROR -      [45] Instance: 6557671486, Name: Tomato Plant, Position: (242, 159)
2025-10-09 15:25:10,740 - ERROR -      [46] Instance: 6617971489, Name: Tomato Plant, Position: (265, 160)
2025-10-09 15:25:10,740 - ERROR -      [47] Instance: 6802381491, Name: Bluelily Plant, Position: (303, 161)
2025-10-09 15:25:10,740 - ERROR -      [48] Instance: 6756401493, Name: Bluelily Plant, Position: (239, 162)
2025-10-09 15:25:10,740 - ERROR -      [49] Instance: 6206631494, Name: Bluelily Plant, Position: (280, 162)
2025-10-09 15:25:10,740 - ERROR -      [50] Instance: 6292221495, Name: Bluelily Plant, Position: (290, 163)
2025-10-09 15:25:10,740 - ERROR -      [51] Instance: 6972581498, Name: Bluelily Plant, Position: (246, 168)
2025-10-09 15:25:10,740 - ERROR -      [52] Instance: 6249681499, Name: Bluelily Plant, Position: (315, 168)
2025-10-09 15:25:10,740 - ERROR -      [53] Instance: 6530821502, Name: Tomato Plant, Position: (250, 169)
2025-10-09 15:25:10,740 - ERROR -      [54] Instance: 6147211504, Name: Bluelily Plant, Position: (277, 169)
2025-10-09 15:25:10,740 - ERROR -      [55] Instance: 6465491505, Name: Bluelily Plant, Position: (295, 172)
2025-10-09 15:25:10,740 - ERROR -      [56] Instance: 6986881506, Name: Bluelily Plant, Position: (308, 172)
2025-10-09 15:25:10,740 - ERROR -      [57] Instance: 6423591510, Name: Bluelily Plant, Position: (266, 177)
2025-10-09 15:25:10,740 - ERROR -      [58] Instance: 6554241512, Name: Bluelily Plant, Position: (282, 180)
2025-10-09 15:25:10,740 - ERROR -      [59] Instance: 6246861515, Name: Bluelily Plant, Position: (290, 184)
2025-10-09 15:25:10,740 - ERROR -      [60] Instance: 6768321516, Name: Bluelily Plant, Position: (315, 184)
2025-10-09 15:25:10,740 - ERROR -      [61] Instance: 6725691517, Name: Bluelily Plant, Position: (274, 186)
2025-10-09 15:25:10,740 - ERROR -      [62] Instance: 6314001518, Name: Bluelily Plant, Position: (286, 190)
2025-10-09 15:25:10,741 - ERROR -      [63] Instance: 6489651520, Name: Bluelily Plant, Position: (311, 194)
2025-10-09 15:25:10,741 - ERROR -      [64] Instance: 6210561521, Name: Bluelily Plant, Position: (278, 196)
2025-10-09 15:25:10,741 - ERROR -      [65] Instance: 6966181522, Name: Bluelily Plant, Position: (300, 196)
2025-10-09 15:25:10,741 - ERROR -      [66] Instance: 6490161527, Name: Bluelily Plant, Position: (273, 200)
2025-10-09 15:25:10,741 - ERROR -      [67] Instance: 6174021530, Name: Bluelily Plant, Position: (304, 203)
2025-10-09 15:25:10,741 - ERROR -      [68] Instance: 6798661538, Name: Bluelily Plant, Position: (286, 208)
2025-10-09 15:25:10,741 - ERROR -    - Total resources found: 69
2025-10-09 15:25:10,741 - ERROR -    - Requested instance: 62549031
2025-10-09 15:25:33,285 - ERROR - ❌ [HTTP ERROR] POST /ai/collect - Attempt 1/3
2025-10-09 15:25:33,286 - ERROR -    📍 URL: http://localhost:7031/ai/collect
2025-10-09 15:25:33,286 - ERROR -    📊 Status Code: 400
2025-10-09 15:25:33,286 - ERROR -    💬 Error Message: Too far from resource
2025-10-09 15:25:33,286 - ERROR -    📤 Request Data: {"token": "f0480616cfcee822be881f7bf7aa3211", "targetInstance": "662738891"}
2025-10-09 15:25:33,286 - ERROR -    📤 Request Params: None
2025-10-09 15:25:33,286 - ERROR -    📥 Response Headers: {"X-Powered-By": "Express", "Content-Type": "application/json; charset=utf-8", "Content-Length": "82", "ETag": "W/\"52-1mbg96pnziRaFvhBotGihwYBvDI\"", "Date": "Thu, 09 Oct 2025 19:25:33 GMT", "Connection": "keep-alive", "Keep-Alive": "timeout=5"}
2025-10-09 15:25:33,287 - ERROR -    📥 Full Response: {"status":"error","message":"Too far from resource","distance":39,"maxDistance":2}
2025-10-09 15:25:33,287 - ERROR - ❌ [HTTP ERROR] POST /ai/collect - Attempt 1/3
2025-10-09 15:25:33,287 - ERROR -    📍 URL: http://localhost:7031/ai/collect
2025-10-09 15:25:33,287 - ERROR -    📊 Status Code: 400
2025-10-09 15:25:33,287 - ERROR -    💬 Error Message: Too far from resource
2025-10-09 15:25:33,287 - ERROR -    📤 Request Data: {"token": "f0480616cfcee822be881f7bf7aa3211", "targetInstance": "662738891"}
2025-10-09 15:25:33,288 - ERROR -    📤 Request Params: None
2025-10-09 15:25:33,288 - ERROR -    📥 Response Headers: {"X-Powered-By": "Express", "Content-Type": "application/json; charset=utf-8", "Content-Length": "82", "ETag": "W/\"52-1mbg96pnziRaFvhBotGihwYBvDI\"", "Date": "Thu, 09 Oct 2025 19:25:33 GMT", "Connection": "keep-alive", "Keep-Alive": "timeout=5"}
2025-10-09 15:25:33,288 - ERROR -    📥 Full Response: {"status":"error","message":"Too far from resource","distance":39,"maxDistance":2}
2025-10-09 15:25:34,293 - ERROR - ❌ [HTTP ERROR] POST /ai/collect - Attempt 2/3
2025-10-09 15:25:34,293 - ERROR -    📍 URL: http://localhost:7031/ai/collect
2025-10-09 15:25:34,293 - ERROR -    📊 Status Code: 400
2025-10-09 15:25:34,293 - ERROR -    💬 Error Message: Too far from resource
2025-10-09 15:25:34,293 - ERROR -    📤 Request Data: {"token": "f0480616cfcee822be881f7bf7aa3211", "targetInstance": "662738891"}
2025-10-09 15:25:34,294 - ERROR -    📤 Request Params: None
2025-10-09 15:25:34,294 - ERROR -    📥 Response Headers: {"X-Powered-By": "Express", "Content-Type": "application/json; charset=utf-8", "Content-Length": "82", "ETag": "W/\"52-1mbg96pnziRaFvhBotGihwYBvDI\"", "Date": "Thu, 09 Oct 2025 19:25:34 GMT", "Connection": "keep-alive", "Keep-Alive": "timeout=5"}
2025-10-09 15:25:34,294 - ERROR -    📥 Full Response: {"status":"error","message":"Too far from resource","distance":39,"maxDistance":2}
2025-10-09 15:25:34,294 - ERROR - ❌ [HTTP ERROR] POST /ai/collect - Attempt 2/3
2025-10-09 15:25:34,294 - ERROR -    📍 URL: http://localhost:7031/ai/collect
2025-10-09 15:25:34,294 - ERROR -    📊 Status Code: 400
2025-10-09 15:25:34,294 - ERROR -    💬 Error Message: Too far from resource
2025-10-09 15:25:34,294 - ERROR -    📤 Request Data: {"token": "f0480616cfcee822be881f7bf7aa3211", "targetInstance": "662738891"}
2025-10-09 15:25:34,295 - ERROR -    📤 Request Params: None
2025-10-09 15:25:34,295 - ERROR -    📥 Response Headers: {"X-Powered-By": "Express", "Content-Type": "application/json; charset=utf-8", "Content-Length": "82", "ETag": "W/\"52-1mbg96pnziRaFvhBotGihwYBvDI\"", "Date": "Thu, 09 Oct 2025 19:25:34 GMT", "Connection": "keep-alive", "Keep-Alive": "timeout=5"}
2025-10-09 15:25:34,295 - ERROR -    📥 Full Response: {"status":"error","message":"Too far from resource","distance":39,"maxDistance":2}
2025-10-09 15:25:35,300 - ERROR - ❌ [HTTP ERROR] POST /ai/collect - Attempt 3/3
2025-10-09 15:25:35,300 - ERROR -    📍 URL: http://localhost:7031/ai/collect
2025-10-09 15:25:35,300 - ERROR -    📊 Status Code: 400
2025-10-09 15:25:35,300 - ERROR -    💬 Error Message: Too far from resource
2025-10-09 15:25:35,300 - ERROR -    📤 Request Data: {"token": "f0480616cfcee822be881f7bf7aa3211", "targetInstance": "662738891"}
2025-10-09 15:25:35,300 - ERROR -    📤 Request Params: None
2025-10-09 15:25:35,300 - ERROR -    📥 Response Headers: {"X-Powered-By": "Express", "Content-Type": "application/json; charset=utf-8", "Content-Length": "82", "ETag": "W/\"52-1mbg96pnziRaFvhBotGihwYBvDI\"", "Date": "Thu, 09 Oct 2025 19:25:35 GMT", "Connection": "keep-alive", "Keep-Alive": "timeout=5"}
2025-10-09 15:25:35,300 - ERROR -    📥 Full Response: {"status":"error","message":"Too far from resource","distance":39,"maxDistance":2}
2025-10-09 15:25:35,301 - ERROR - ❌ [HTTP ERROR] POST /ai/collect - Attempt 3/3
2025-10-09 15:25:35,301 - ERROR -    📍 URL: http://localhost:7031/ai/collect
2025-10-09 15:25:35,301 - ERROR -    📊 Status Code: 400
2025-10-09 15:25:35,301 - ERROR -    💬 Error Message: Too far from resource
2025-10-09 15:25:35,301 - ERROR -    📤 Request Data: {"token": "f0480616cfcee822be881f7bf7aa3211", "targetInstance": "662738891"}
2025-10-09 15:25:35,301 - ERROR -    📤 Request Params: None
2025-10-09 15:25:35,301 - ERROR -    📥 Response Headers: {"X-Powered-By": "Express", "Content-Type": "application/json; charset=utf-8", "Content-Length": "82", "ETag": "W/\"52-1mbg96pnziRaFvhBotGihwYBvDI\"", "Date": "Thu, 09 Oct 2025 19:25:35 GMT", "Connection": "keep-alive", "Keep-Alive": "timeout=5"}
2025-10-09 15:25:35,302 - ERROR -    📥 Full Response: {"status":"error","message":"Too far from resource","distance":39,"maxDistance":2}
2025-10-09 15:25:35,302 - ERROR - ❌ FINAL HTTP ERROR: HTTP 400 error after 3 attempts: 400 Client Error: Bad Request for url: http://localhost:7031/ai/collect
2025-10-09 15:25:35,302 - ERROR - ❌ HARVEST ERROR: Moved closer to Gold Rock at (289, 33) from position (288, 34). Failed to start mining Gold Rock: API returned status 'error' with message: HTTP 400 error after 3 attempts: 400 Client Error: Bad Request for url: http://localhost:7031/ai/collect
2025-10-09 15:26:48,392 - ERROR - ❌ [HTTP ERROR] POST /ai/collect - Attempt 1/3
2025-10-09 15:26:48,393 - ERROR -    📍 URL: http://localhost:7031/ai/collect
2025-10-09 15:26:48,394 - ERROR -    📊 Status Code: 400
2025-10-09 15:26:48,394 - ERROR -    💬 Error Message: Too far from resource
2025-10-09 15:26:48,394 - ERROR -    📤 Request Data: {"token": "d00292cd184609c79437f7fdae308f44", "targetInstance": "694441890"}
2025-10-09 15:26:48,394 - ERROR -    📤 Request Params: None
2025-10-09 15:26:48,394 - ERROR -    📥 Response Headers: {"X-Powered-By": "Express", "Content-Type": "application/json; charset=utf-8", "Content-Length": "83", "ETag": "W/\"53-zBFXPLacEVhQxw2DAEpL3IQxpok\"", "Date": "Thu, 09 Oct 2025 19:26:48 GMT", "Connection": "keep-alive", "Keep-Alive": "timeout=5"}
2025-10-09 15:26:48,394 - ERROR -    📥 Full Response: {"status":"error","message":"Too far from resource","distance":134,"maxDistance":2}
2025-10-09 15:26:48,394 - ERROR - ❌ [HTTP ERROR] POST /ai/collect - Attempt 1/3
2025-10-09 15:26:48,395 - ERROR -    📍 URL: http://localhost:7031/ai/collect
2025-10-09 15:26:48,395 - ERROR -    📊 Status Code: 400
2025-10-09 15:26:48,395 - ERROR -    💬 Error Message: Too far from resource
2025-10-09 15:26:48,395 - ERROR -    📤 Request Data: {"token": "d00292cd184609c79437f7fdae308f44", "targetInstance": "694441890"}
2025-10-09 15:26:48,395 - ERROR -    📤 Request Params: None
2025-10-09 15:26:48,395 - ERROR -    📥 Response Headers: {"X-Powered-By": "Express", "Content-Type": "application/json; charset=utf-8", "Content-Length": "83", "ETag": "W/\"53-zBFXPLacEVhQxw2DAEpL3IQxpok\"", "Date": "Thu, 09 Oct 2025 19:26:48 GMT", "Connection": "keep-alive", "Keep-Alive": "timeout=5"}
2025-10-09 15:26:48,395 - ERROR -    📥 Full Response: {"status":"error","message":"Too far from resource","distance":134,"maxDistance":2}
2025-10-09 15:26:49,400 - ERROR - ❌ [HTTP ERROR] POST /ai/collect - Attempt 2/3
2025-10-09 15:26:49,400 - ERROR -    📍 URL: http://localhost:7031/ai/collect
2025-10-09 15:26:49,400 - ERROR -    📊 Status Code: 400
2025-10-09 15:26:49,400 - ERROR -    💬 Error Message: Too far from resource
2025-10-09 15:26:49,401 - ERROR -    📤 Request Data: {"token": "d00292cd184609c79437f7fdae308f44", "targetInstance": "694441890"}
2025-10-09 15:26:49,401 - ERROR -    📤 Request Params: None
2025-10-09 15:26:49,401 - ERROR -    📥 Response Headers: {"X-Powered-By": "Express", "Content-Type": "application/json; charset=utf-8", "Content-Length": "83", "ETag": "W/\"53-zBFXPLacEVhQxw2DAEpL3IQxpok\"", "Date": "Thu, 09 Oct 2025 19:26:49 GMT", "Connection": "keep-alive", "Keep-Alive": "timeout=5"}
2025-10-09 15:26:49,401 - ERROR -    📥 Full Response: {"status":"error","message":"Too far from resource","distance":134,"maxDistance":2}
2025-10-09 15:26:49,401 - ERROR - ❌ [HTTP ERROR] POST /ai/collect - Attempt 2/3
2025-10-09 15:26:49,401 - ERROR -    📍 URL: http://localhost:7031/ai/collect
2025-10-09 15:26:49,401 - ERROR -    📊 Status Code: 400
2025-10-09 15:26:49,402 - ERROR -    💬 Error Message: Too far from resource
2025-10-09 15:26:49,402 - ERROR -    📤 Request Data: {"token": "d00292cd184609c79437f7fdae308f44", "targetInstance": "694441890"}
2025-10-09 15:26:49,402 - ERROR -    📤 Request Params: None
2025-10-09 15:26:49,402 - ERROR -    📥 Response Headers: {"X-Powered-By": "Express", "Content-Type": "application/json; charset=utf-8", "Content-Length": "83", "ETag": "W/\"53-zBFXPLacEVhQxw2DAEpL3IQxpok\"", "Date": "Thu, 09 Oct 2025 19:26:49 GMT", "Connection": "keep-alive", "Keep-Alive": "timeout=5"}
2025-10-09 15:26:49,402 - ERROR -    📥 Full Response: {"status":"error","message":"Too far from resource","distance":134,"maxDistance":2}
2025-10-09 15:26:50,407 - ERROR - ❌ [HTTP ERROR] POST /ai/collect - Attempt 3/3
2025-10-09 15:26:50,407 - ERROR -    📍 URL: http://localhost:7031/ai/collect
2025-10-09 15:26:50,407 - ERROR -    📊 Status Code: 400
2025-10-09 15:26:50,407 - ERROR -    💬 Error Message: Too far from resource
2025-10-09 15:26:50,407 - ERROR -    📤 Request Data: {"token": "d00292cd184609c79437f7fdae308f44", "targetInstance": "694441890"}
2025-10-09 15:26:50,407 - ERROR -    📤 Request Params: None
2025-10-09 15:26:50,408 - ERROR -    📥 Response Headers: {"X-Powered-By": "Express", "Content-Type": "application/json; charset=utf-8", "Content-Length": "83", "ETag": "W/\"53-zBFXPLacEVhQxw2DAEpL3IQxpok\"", "Date": "Thu, 09 Oct 2025 19:26:50 GMT", "Connection": "keep-alive", "Keep-Alive": "timeout=5"}
2025-10-09 15:26:50,408 - ERROR -    📥 Full Response: {"status":"error","message":"Too far from resource","distance":134,"maxDistance":2}
2025-10-09 15:26:50,408 - ERROR - ❌ [HTTP ERROR] POST /ai/collect - Attempt 3/3
2025-10-09 15:26:50,408 - ERROR -    📍 URL: http://localhost:7031/ai/collect
2025-10-09 15:26:50,408 - ERROR -    📊 Status Code: 400
2025-10-09 15:26:50,408 - ERROR -    💬 Error Message: Too far from resource
2025-10-09 15:26:50,408 - ERROR -    📤 Request Data: {"token": "d00292cd184609c79437f7fdae308f44", "targetInstance": "694441890"}
2025-10-09 15:26:50,408 - ERROR -    📤 Request Params: None
2025-10-09 15:26:50,408 - ERROR -    📥 Response Headers: {"X-Powered-By": "Express", "Content-Type": "application/json; charset=utf-8", "Content-Length": "83", "ETag": "W/\"53-zBFXPLacEVhQxw2DAEpL3IQxpok\"", "Date": "Thu, 09 Oct 2025 19:26:50 GMT", "Connection": "keep-alive", "Keep-Alive": "timeout=5"}
2025-10-09 15:26:50,409 - ERROR -    📥 Full Response: {"status":"error","message":"Too far from resource","distance":134,"maxDistance":2}
2025-10-09 15:26:50,409 - ERROR - ❌ FINAL HTTP ERROR: HTTP 400 error after 3 attempts: 400 Client Error: Bad Request for url: http://localhost:7031/ai/collect
2025-10-09 15:26:50,409 - ERROR - ❌ HARVEST ERROR: Moved closer to Nisoc Rock at (279, 32) from position (280, 33). Failed to start mining Nisoc Rock: API returned status 'error' with message: HTTP 400 error after 3 attempts: 400 Client Error: Bad Request for url: http://localhost:7031/ai/collect
2025-10-09 15:27:44,598 - ERROR - ❌ [RESOURCE ERROR] Resource with instance 64919860 not found!
2025-10-09 15:27:44,598 - ERROR -    - Available resources in environment:
2025-10-09 15:27:44,598 - ERROR -      [0] Instance: 66772143, Name: Oak2 Tree, Position: (239, 30)
2025-10-09 15:27:44,598 - ERROR -      [1] Instance: 614182260, Name: Oak2 Tree, Position: (251, 72)
2025-10-09 15:27:44,598 - ERROR -      [2] Instance: 615763223, Name: Oak3 Tree, Position: (185, 55)
2025-10-09 15:27:44,599 - ERROR -      [3] Instance: 622166231, Name: Oak2 Tree, Position: (256, 58)
2025-10-09 15:27:44,599 - ERROR -      [4] Instance: 624398242, Name: Oak3 Tree, Position: (196, 65)
2025-10-09 15:27:44,599 - ERROR -      [5] Instance: 625328233, Name: Oak2 Tree, Position: (234, 59)
2025-10-09 15:27:44,599 - ERROR -      [6] Instance: 633776114, Name: Oak2 Tree, Position: (247, 20)
2025-10-09 15:27:44,599 - ERROR -      [7] Instance: 634708200, Name: Oak3 Tree, Position: (210, 46)
2025-10-09 15:27:44,599 - ERROR -      [8] Instance: 636530259, Name: Oak2 Tree, Position: (235, 72)
2025-10-09 15:27:44,599 - ERROR -      [9] Instance: 638732248, Name: Oak2 Tree, Position: (257, 66)
2025-10-09 15:27:44,599 - ERROR -      [10] Instance: 639987174, Name: Oak4 Tree, Position: (186, 38)
2025-10-09 15:27:44,599 - ERROR -      [11] Instance: 642032186, Name: Oak4 Tree, Position: (184, 43)
2025-10-09 15:27:44,599 - ERROR -      [12] Instance: 647177187, Name: Oak2 Tree, Position: (233, 43)
2025-10-09 15:27:44,600 - ERROR -      [13] Instance: 648206169, Name: Oak3 Tree, Position: (179, 37)
2025-10-09 15:27:44,600 - ERROR -      [14] Instance: 653671243, Name: Oak2 Tree, Position: (245, 65)
2025-10-09 15:27:44,600 - ERROR -      [15] Instance: 655360133, Name: Oak2 Tree, Position: (259, 26)
2025-10-09 15:27:44,600 - ERROR -      [16] Instance: 655468191, Name: Oak2 Tree, Position: (247, 44)
2025-10-09 15:27:44,600 - ERROR -      [17] Instance: 665319152, Name: Oak2 Tree, Position: (229, 32)
2025-10-09 15:27:44,600 - ERROR -      [18] Instance: 666361236, Name: Oak3 Tree, Position: (202, 61)
2025-10-09 15:27:44,600 - ERROR -      [19] Instance: 668512217, Name: Oak3 Tree, Position: (194, 53)
2025-10-09 15:27:44,600 - ERROR -      [20] Instance: 676580190, Name: Oak3 Tree, Position: (191, 44)
2025-10-09 15:27:44,600 - ERROR -      [21] Instance: 683124104, Name: Oak2 Tree, Position: (228, 16)
2025-10-09 15:27:44,600 - ERROR -      [22] Instance: 689247175, Name: Oak2 Tree, Position: (262, 38)
2025-10-09 15:27:44,600 - ERROR -      [23] Instance: 697054257, Name: Oak3 Tree, Position: (205, 71)
2025-10-09 15:27:44,601 - ERROR -      [24] Instance: 613761895, Name: Cinnabar Rock, Position: (291, 44)
2025-10-09 15:27:44,601 - ERROR -      [25] Instance: 616984899, Name: Nisoc Rock, Position: (284, 53)
2025-10-09 15:27:44,601 - ERROR -      [26] Instance: 623417897, Name: Nisoc Rock, Position: (292, 49)
2025-10-09 15:27:44,601 - ERROR -      [27] Instance: 640728896, Name: Nisoc Rock, Position: (281, 47)
2025-10-09 15:27:44,601 - ERROR -      [28] Instance: 646013894, Name: Nisoc Rock, Position: (294, 43)
2025-10-09 15:27:44,601 - ERROR -      [29] Instance: 648492872, Name: Nisoc Rock, Position: (268, 15)
2025-10-09 15:27:44,601 - ERROR -      [30] Instance: 662738891, Name: Gold Rock, Position: (289, 33)
2025-10-09 15:27:44,601 - ERROR -      [31] Instance: 667591886, Name: Cinnabar Rock, Position: (279, 24)
2025-10-09 15:27:44,601 - ERROR -      [32] Instance: 675499892, Name: Nisoc Rock, Position: (292, 37)
2025-10-09 15:27:44,601 - ERROR -      [33] Instance: 694441890, Name: Nisoc Rock, Position: (279, 32)
2025-10-09 15:27:44,601 - ERROR -    - Total resources found: 34
2025-10-09 15:27:44,602 - ERROR -    - Requested instance: 64919860
2025-10-09 15:27:51,254 - ERROR - ❌ [RESOURCE ERROR] Resource with instance 694441890 not found!
2025-10-09 15:27:51,254 - ERROR -    - Available resources in environment:
2025-10-09 15:27:51,254 - ERROR -      [0] Instance: 63633552, Name: Pine Tree, Position: (346, 156)
2025-10-09 15:27:51,254 - ERROR -      [1] Instance: 64938535, Name: Willow Tree, Position: (250, 151)
2025-10-09 15:27:51,254 - ERROR -      [2] Instance: 610876572, Name: Willow Tree, Position: (259, 164)
2025-10-09 15:27:51,254 - ERROR -      [3] Instance: 618378503, Name: Snowoak Tree, Position: (329, 140)
2025-10-09 15:27:51,254 - ERROR -      [4] Instance: 618769472, Name: Willow Tree, Position: (253, 130)
2025-10-09 15:27:51,254 - ERROR -      [5] Instance: 619842532, Name: Willow Tree, Position: (237, 150)
2025-10-09 15:27:51,254 - ERROR -      [6] Instance: 623431533, Name: Snowoak Tree, Position: (336, 150)
2025-10-09 15:27:51,254 - ERROR -      [7] Instance: 639619551, Name: Pine Tree, Position: (327, 156)
2025-10-09 15:27:51,254 - ERROR -      [8] Instance: 669452590, Name: Pine Tree, Position: (330, 172)
2025-10-09 15:27:51,254 - ERROR -      [9] Instance: 679661578, Name: Pine Tree, Position: (336, 168)
2025-10-09 15:27:51,254 - ERROR -      [10] Instance: 682265542, Name: Snowoak Tree, Position: (353, 154)
2025-10-09 15:27:51,255 - ERROR -      [11] Instance: 685508508, Name: Willow Tree, Position: (247, 141)
2025-10-09 15:27:51,255 - ERROR -      [12] Instance: 689786617, Name: Snowoak Tree, Position: (323, 183)
2025-10-09 15:27:51,255 - ERROR -      [13] Instance: 695593611, Name: Willow Tree, Position: (261, 181)
2025-10-09 15:27:51,255 - ERROR -      [14] Instance: 623631261, Name: Fishing Spot, Position: (260, 188)
2025-10-09 15:27:51,255 - ERROR -      [15] Instance: 621441487, Name: Bluelily Plant, Position: (253, 159)
2025-10-09 15:27:51,255 - ERROR -      [16] Instance: 640811525, Name: Bluelily Plant, Position: (293, 199)
2025-10-09 15:27:51,255 - ERROR -      [17] Instance: 641681503, Name: Bluelily Plant, Position: (267, 169)
2025-10-09 15:27:51,255 - ERROR -      [18] Instance: 670241488, Name: Tomato Plant, Position: (232, 160)
2025-10-09 15:27:51,255 - ERROR -      [19] Instance: 681511509, Name: Bluelily Plant, Position: (285, 176)
2025-10-09 15:27:51,255 - ERROR -      [20] Instance: 694551447, Name: Bluelily Plant, Position: (306, 118)
2025-10-09 15:27:51,255 - ERROR -      [21] Instance: 6840601446, Name: Bluelily Plant, Position: (296, 118)
2025-10-09 15:27:51,255 - ERROR -      [22] Instance: 6217841448, Name: Bluelily Plant, Position: (312, 118)
2025-10-09 15:27:51,255 - ERROR -      [23] Instance: 6748001453, Name: Bluelily Plant, Position: (278, 120)
2025-10-09 15:27:51,255 - ERROR -      [24] Instance: 6323941455, Name: Bluelily Plant, Position: (290, 123)
2025-10-09 15:27:51,255 - ERROR -      [25] Instance: 6523301457, Name: Bluelily Plant, Position: (284, 125)
2025-10-09 15:27:51,255 - ERROR -      [26] Instance: 6306631458, Name: Bluelily Plant, Position: (303, 126)
2025-10-09 15:27:51,255 - ERROR -      [27] Instance: 6183331459, Name: Bluelily Plant, Position: (265, 127)
2025-10-09 15:27:51,255 - ERROR -      [28] Instance: 6696531461, Name: Bluelily Plant, Position: (313, 128)
2025-10-09 15:27:51,255 - ERROR -      [29] Instance: 6770571462, Name: Bluelily Plant, Position: (272, 129)
2025-10-09 15:27:51,255 - ERROR -      [30] Instance: 6771161463, Name: Bluelily Plant, Position: (308, 129)
2025-10-09 15:27:51,255 - ERROR -      [31] Instance: 6754461466, Name: Tomato Plant, Position: (264, 133)
2025-10-09 15:27:51,255 - ERROR -      [32] Instance: 6434541467, Name: Bluelily Plant, Position: (288, 135)
2025-10-09 15:27:51,256 - ERROR -      [33] Instance: 6661531468, Name: Bluelily Plant, Position: (314, 136)
2025-10-09 15:27:51,256 - ERROR -      [34] Instance: 6608771469, Name: Bluelily Plant, Position: (282, 139)
2025-10-09 15:27:51,256 - ERROR -      [35] Instance: 6446551470, Name: Bluelily Plant, Position: (302, 141)
2025-10-09 15:27:51,256 - ERROR -      [36] Instance: 6574701471, Name: Tomato Plant, Position: (265, 142)
2025-10-09 15:27:51,256 - ERROR -      [37] Instance: 6150051473, Name: Bluelily Plant, Position: (255, 144)
2025-10-09 15:27:51,256 - ERROR -      [38] Instance: 6253771474, Name: Bluelily Plant, Position: (266, 145)
2025-10-09 15:27:51,256 - ERROR -      [39] Instance: 6686971475, Name: Bluelily Plant, Position: (287, 147)
2025-10-09 15:27:51,256 - ERROR -      [40] Instance: 6611541477, Name: Bluelily Plant, Position: (273, 149)
2025-10-09 15:27:51,256 - ERROR -      [41] Instance: 6660241479, Name: Bluelily Plant, Position: (289, 150)
2025-10-09 15:27:51,256 - ERROR -      [42] Instance: 6340751481, Name: Bluelily Plant, Position: (243, 153)
2025-10-09 15:27:51,256 - ERROR -      [43] Instance: 6912671482, Name: Bluelily Plant, Position: (281, 153)
2025-10-09 15:27:51,256 - ERROR -      [44] Instance: 6804901484, Name: Bluelily Plant, Position: (310, 155)
2025-10-09 15:27:51,256 - ERROR -      [45] Instance: 6557671486, Name: Tomato Plant, Position: (242, 159)
2025-10-09 15:27:51,256 - ERROR -      [46] Instance: 6617971489, Name: Tomato Plant, Position: (265, 160)
2025-10-09 15:27:51,256 - ERROR -      [47] Instance: 6802381491, Name: Bluelily Plant, Position: (303, 161)
2025-10-09 15:27:51,256 - ERROR -      [48] Instance: 6756401493, Name: Bluelily Plant, Position: (239, 162)
2025-10-09 15:27:51,256 - ERROR -      [49] Instance: 6206631494, Name: Bluelily Plant, Position: (280, 162)
2025-10-09 15:27:51,256 - ERROR -      [50] Instance: 6292221495, Name: Bluelily Plant, Position: (290, 163)
2025-10-09 15:27:51,256 - ERROR -      [51] Instance: 6972581498, Name: Bluelily Plant, Position: (246, 168)
2025-10-09 15:27:51,256 - ERROR -      [52] Instance: 6249681499, Name: Bluelily Plant, Position: (315, 168)
2025-10-09 15:27:51,256 - ERROR -      [53] Instance: 6530821502, Name: Tomato Plant, Position: (250, 169)
2025-10-09 15:27:51,256 - ERROR -      [54] Instance: 6147211504, Name: Bluelily Plant, Position: (277, 169)
2025-10-09 15:27:51,257 - ERROR -      [55] Instance: 6465491505, Name: Bluelily Plant, Position: (295, 172)
2025-10-09 15:27:51,257 - ERROR -      [56] Instance: 6986881506, Name: Bluelily Plant, Position: (308, 172)
2025-10-09 15:27:51,257 - ERROR -      [57] Instance: 6423591510, Name: Bluelily Plant, Position: (266, 177)
2025-10-09 15:27:51,257 - ERROR -      [58] Instance: 6554241512, Name: Bluelily Plant, Position: (282, 180)
2025-10-09 15:27:51,257 - ERROR -      [59] Instance: 6246861515, Name: Bluelily Plant, Position: (290, 184)
2025-10-09 15:27:51,257 - ERROR -      [60] Instance: 6768321516, Name: Bluelily Plant, Position: (315, 184)
2025-10-09 15:27:51,257 - ERROR -      [61] Instance: 6725691517, Name: Bluelily Plant, Position: (274, 186)
2025-10-09 15:27:51,257 - ERROR -      [62] Instance: 6314001518, Name: Bluelily Plant, Position: (286, 190)
2025-10-09 15:27:51,257 - ERROR -      [63] Instance: 6489651520, Name: Bluelily Plant, Position: (311, 194)
2025-10-09 15:27:51,257 - ERROR -      [64] Instance: 6210561521, Name: Bluelily Plant, Position: (278, 196)
2025-10-09 15:27:51,257 - ERROR -      [65] Instance: 6966181522, Name: Bluelily Plant, Position: (300, 196)
2025-10-09 15:27:51,257 - ERROR -      [66] Instance: 6490161527, Name: Bluelily Plant, Position: (273, 200)
2025-10-09 15:27:51,257 - ERROR -      [67] Instance: 6174021530, Name: Bluelily Plant, Position: (304, 203)
2025-10-09 15:27:51,257 - ERROR -      [68] Instance: 6798661538, Name: Bluelily Plant, Position: (286, 208)
2025-10-09 15:27:51,257 - ERROR -    - Total resources found: 69
2025-10-09 15:27:51,257 - ERROR -    - Requested instance: 694441890
2025-10-09 15:29:03,913 - ERROR - ❌ [HTTP ERROR] POST /ai/collect - Attempt 1/3
2025-10-09 15:29:03,913 - ERROR -    📍 URL: http://localhost:7031/ai/collect
2025-10-09 15:29:03,913 - ERROR -    📊 Status Code: 400
2025-10-09 15:29:03,914 - ERROR -    💬 Error Message: Too far from resource
2025-10-09 15:29:03,914 - ERROR -    📤 Request Data: {"token": "e6a6b8d95da1a9cd20191ad2abafea74", "targetInstance": "647177187"}
2025-10-09 15:29:03,914 - ERROR -    📤 Request Params: None
2025-10-09 15:29:03,914 - ERROR -    📥 Response Headers: {"X-Powered-By": "Express", "Content-Type": "application/json; charset=utf-8", "Content-Length": "81", "ETag": "W/\"51-TrQi3uoDkJwJhxINJOHVjSM+MjM\"", "Date": "Thu, 09 Oct 2025 19:29:03 GMT", "Connection": "keep-alive", "Keep-Alive": "timeout=5"}
2025-10-09 15:29:03,914 - ERROR -    📥 Full Response: {"status":"error","message":"Too far from resource","distance":5,"maxDistance":2}
2025-10-09 15:29:03,914 - ERROR - ❌ [HTTP ERROR] POST /ai/collect - Attempt 1/3
2025-10-09 15:29:03,914 - ERROR -    📍 URL: http://localhost:7031/ai/collect
2025-10-09 15:29:03,914 - ERROR -    📊 Status Code: 400
2025-10-09 15:29:03,915 - ERROR -    💬 Error Message: Too far from resource
2025-10-09 15:29:03,915 - ERROR -    📤 Request Data: {"token": "e6a6b8d95da1a9cd20191ad2abafea74", "targetInstance": "647177187"}
2025-10-09 15:29:03,915 - ERROR -    📤 Request Params: None
2025-10-09 15:29:03,915 - ERROR -    📥 Response Headers: {"X-Powered-By": "Express", "Content-Type": "application/json; charset=utf-8", "Content-Length": "81", "ETag": "W/\"51-TrQi3uoDkJwJhxINJOHVjSM+MjM\"", "Date": "Thu, 09 Oct 2025 19:29:03 GMT", "Connection": "keep-alive", "Keep-Alive": "timeout=5"}
2025-10-09 15:29:03,915 - ERROR -    📥 Full Response: {"status":"error","message":"Too far from resource","distance":5,"maxDistance":2}
2025-10-09 15:29:04,920 - ERROR - ❌ [HTTP ERROR] POST /ai/collect - Attempt 2/3
2025-10-09 15:29:04,920 - ERROR -    📍 URL: http://localhost:7031/ai/collect
2025-10-09 15:29:04,920 - ERROR -    📊 Status Code: 400
2025-10-09 15:29:04,920 - ERROR -    💬 Error Message: Too far from resource
2025-10-09 15:29:04,920 - ERROR -    📤 Request Data: {"token": "e6a6b8d95da1a9cd20191ad2abafea74", "targetInstance": "647177187"}
2025-10-09 15:29:04,920 - ERROR -    📤 Request Params: None
2025-10-09 15:29:04,920 - ERROR -    📥 Response Headers: {"X-Powered-By": "Express", "Content-Type": "application/json; charset=utf-8", "Content-Length": "81", "ETag": "W/\"51-TrQi3uoDkJwJhxINJOHVjSM+MjM\"", "Date": "Thu, 09 Oct 2025 19:29:04 GMT", "Connection": "keep-alive", "Keep-Alive": "timeout=5"}
2025-10-09 15:29:04,921 - ERROR -    📥 Full Response: {"status":"error","message":"Too far from resource","distance":5,"maxDistance":2}
2025-10-09 15:29:04,921 - ERROR - ❌ [HTTP ERROR] POST /ai/collect - Attempt 2/3
2025-10-09 15:29:04,921 - ERROR -    📍 URL: http://localhost:7031/ai/collect
2025-10-09 15:29:04,921 - ERROR -    📊 Status Code: 400
2025-10-09 15:29:04,921 - ERROR -    💬 Error Message: Too far from resource
2025-10-09 15:29:04,921 - ERROR -    📤 Request Data: {"token": "e6a6b8d95da1a9cd20191ad2abafea74", "targetInstance": "647177187"}
2025-10-09 15:29:04,921 - ERROR -    📤 Request Params: None
2025-10-09 15:29:04,921 - ERROR -    📥 Response Headers: {"X-Powered-By": "Express", "Content-Type": "application/json; charset=utf-8", "Content-Length": "81", "ETag": "W/\"51-TrQi3uoDkJwJhxINJOHVjSM+MjM\"", "Date": "Thu, 09 Oct 2025 19:29:04 GMT", "Connection": "keep-alive", "Keep-Alive": "timeout=5"}
2025-10-09 15:29:04,922 - ERROR -    📥 Full Response: {"status":"error","message":"Too far from resource","distance":5,"maxDistance":2}
2025-10-09 15:29:05,926 - ERROR - ❌ [HTTP ERROR] POST /ai/collect - Attempt 3/3
2025-10-09 15:29:05,927 - ERROR -    📍 URL: http://localhost:7031/ai/collect
2025-10-09 15:29:05,927 - ERROR -    📊 Status Code: 400
2025-10-09 15:29:05,927 - ERROR -    💬 Error Message: Too far from resource
2025-10-09 15:29:05,927 - ERROR -    📤 Request Data: {"token": "e6a6b8d95da1a9cd20191ad2abafea74", "targetInstance": "647177187"}
2025-10-09 15:29:05,927 - ERROR -    📤 Request Params: None
2025-10-09 15:29:05,927 - ERROR -    📥 Response Headers: {"X-Powered-By": "Express", "Content-Type": "application/json; charset=utf-8", "Content-Length": "81", "ETag": "W/\"51-TrQi3uoDkJwJhxINJOHVjSM+MjM\"", "Date": "Thu, 09 Oct 2025 19:29:05 GMT", "Connection": "keep-alive", "Keep-Alive": "timeout=5"}
2025-10-09 15:29:05,927 - ERROR -    📥 Full Response: {"status":"error","message":"Too far from resource","distance":5,"maxDistance":2}
2025-10-09 15:29:05,928 - ERROR - ❌ [HTTP ERROR] POST /ai/collect - Attempt 3/3
2025-10-09 15:29:05,928 - ERROR -    📍 URL: http://localhost:7031/ai/collect
2025-10-09 15:29:05,928 - ERROR -    📊 Status Code: 400
2025-10-09 15:29:05,928 - ERROR -    💬 Error Message: Too far from resource
2025-10-09 15:29:05,928 - ERROR -    📤 Request Data: {"token": "e6a6b8d95da1a9cd20191ad2abafea74", "targetInstance": "647177187"}
2025-10-09 15:29:05,928 - ERROR -    📤 Request Params: None
2025-10-09 15:29:05,928 - ERROR -    📥 Response Headers: {"X-Powered-By": "Express", "Content-Type": "application/json; charset=utf-8", "Content-Length": "81", "ETag": "W/\"51-TrQi3uoDkJwJhxINJOHVjSM+MjM\"", "Date": "Thu, 09 Oct 2025 19:29:05 GMT", "Connection": "keep-alive", "Keep-Alive": "timeout=5"}
2025-10-09 15:29:05,928 - ERROR -    📥 Full Response: {"status":"error","message":"Too far from resource","distance":5,"maxDistance":2}
2025-10-09 15:29:05,928 - ERROR - ❌ FINAL HTTP ERROR: HTTP 400 error after 3 attempts: 400 Client Error: Bad Request for url: http://localhost:7031/ai/collect
2025-10-09 15:29:05,929 - ERROR - ❌ HARVEST ERROR: Moved closer to Oak2 Tree at (233, 43) from position (234, 44). Failed to start chopping Oak2 Tree: API returned status 'error' with message: HTTP 400 error after 3 attempts: 400 Client Error: Bad Request for url: http://localhost:7031/ai/collect
2025-10-09 15:29:43,043 - ERROR - ❌ [HTTP ERROR] POST /ai/collect - Attempt 1/3
2025-10-09 15:29:43,043 - ERROR -    📍 URL: http://localhost:7031/ai/collect
2025-10-09 15:29:43,043 - ERROR -    📊 Status Code: 400
2025-10-09 15:29:43,043 - ERROR -    💬 Error Message: Too far from resource
2025-10-09 15:29:43,043 - ERROR -    📤 Request Data: {"token": "e6a6b8d95da1a9cd20191ad2abafea74", "targetInstance": "66772143"}
2025-10-09 15:29:43,043 - ERROR -    📤 Request Params: None
2025-10-09 15:29:43,043 - ERROR -    📥 Response Headers: {"X-Powered-By": "Express", "Content-Type": "application/json; charset=utf-8", "Content-Length": "82", "ETag": "W/\"52-5QusULG3z+fHEQRsXGjQMxTolNg\"", "Date": "Thu, 09 Oct 2025 19:29:43 GMT", "Connection": "keep-alive", "Keep-Alive": "timeout=5"}
2025-10-09 15:29:43,043 - ERROR -    📥 Full Response: {"status":"error","message":"Too far from resource","distance":16,"maxDistance":2}
2025-10-09 15:29:43,044 - ERROR - ❌ [HTTP ERROR] POST /ai/collect - Attempt 1/3
2025-10-09 15:29:43,044 - ERROR -    📍 URL: http://localhost:7031/ai/collect
2025-10-09 15:29:43,044 - ERROR -    📊 Status Code: 400
2025-10-09 15:29:43,044 - ERROR -    💬 Error Message: Too far from resource
2025-10-09 15:29:43,044 - ERROR -    📤 Request Data: {"token": "e6a6b8d95da1a9cd20191ad2abafea74", "targetInstance": "66772143"}
2025-10-09 15:29:43,044 - ERROR -    📤 Request Params: None
2025-10-09 15:29:43,044 - ERROR -    📥 Response Headers: {"X-Powered-By": "Express", "Content-Type": "application/json; charset=utf-8", "Content-Length": "82", "ETag": "W/\"52-5QusULG3z+fHEQRsXGjQMxTolNg\"", "Date": "Thu, 09 Oct 2025 19:29:43 GMT", "Connection": "keep-alive", "Keep-Alive": "timeout=5"}
2025-10-09 15:29:43,044 - ERROR -    📥 Full Response: {"status":"error","message":"Too far from resource","distance":16,"maxDistance":2}
2025-10-09 15:29:44,049 - ERROR - ❌ [HTTP ERROR] POST /ai/collect - Attempt 2/3
2025-10-09 15:29:44,049 - ERROR -    📍 URL: http://localhost:7031/ai/collect
2025-10-09 15:29:44,049 - ERROR -    📊 Status Code: 400
2025-10-09 15:29:44,049 - ERROR -    💬 Error Message: Too far from resource
2025-10-09 15:29:44,049 - ERROR -    📤 Request Data: {"token": "e6a6b8d95da1a9cd20191ad2abafea74", "targetInstance": "66772143"}
2025-10-09 15:29:44,049 - ERROR -    📤 Request Params: None
2025-10-09 15:29:44,049 - ERROR -    📥 Response Headers: {"X-Powered-By": "Express", "Content-Type": "application/json; charset=utf-8", "Content-Length": "82", "ETag": "W/\"52-5QusULG3z+fHEQRsXGjQMxTolNg\"", "Date": "Thu, 09 Oct 2025 19:29:44 GMT", "Connection": "keep-alive", "Keep-Alive": "timeout=5"}
2025-10-09 15:29:44,050 - ERROR -    📥 Full Response: {"status":"error","message":"Too far from resource","distance":16,"maxDistance":2}
2025-10-09 15:29:44,050 - ERROR - ❌ [HTTP ERROR] POST /ai/collect - Attempt 2/3
2025-10-09 15:29:44,050 - ERROR -    📍 URL: http://localhost:7031/ai/collect
2025-10-09 15:29:44,050 - ERROR -    📊 Status Code: 400
2025-10-09 15:29:44,050 - ERROR -    💬 Error Message: Too far from resource
2025-10-09 15:29:44,050 - ERROR -    📤 Request Data: {"token": "e6a6b8d95da1a9cd20191ad2abafea74", "targetInstance": "66772143"}
2025-10-09 15:29:44,050 - ERROR -    📤 Request Params: None
2025-10-09 15:29:44,051 - ERROR -    📥 Response Headers: {"X-Powered-By": "Express", "Content-Type": "application/json; charset=utf-8", "Content-Length": "82", "ETag": "W/\"52-5QusULG3z+fHEQRsXGjQMxTolNg\"", "Date": "Thu, 09 Oct 2025 19:29:44 GMT", "Connection": "keep-alive", "Keep-Alive": "timeout=5"}
2025-10-09 15:29:44,051 - ERROR -    📥 Full Response: {"status":"error","message":"Too far from resource","distance":16,"maxDistance":2}
2025-10-09 15:29:45,055 - ERROR - ❌ [HTTP ERROR] POST /ai/collect - Attempt 3/3
2025-10-09 15:29:45,055 - ERROR -    📍 URL: http://localhost:7031/ai/collect
2025-10-09 15:29:45,055 - ERROR -    📊 Status Code: 400
2025-10-09 15:29:45,055 - ERROR -    💬 Error Message: Too far from resource
2025-10-09 15:29:45,056 - ERROR -    📤 Request Data: {"token": "e6a6b8d95da1a9cd20191ad2abafea74", "targetInstance": "66772143"}
2025-10-09 15:29:45,056 - ERROR -    📤 Request Params: None
2025-10-09 15:29:45,056 - ERROR -    📥 Response Headers: {"X-Powered-By": "Express", "Content-Type": "application/json; charset=utf-8", "Content-Length": "82", "ETag": "W/\"52-5QusULG3z+fHEQRsXGjQMxTolNg\"", "Date": "Thu, 09 Oct 2025 19:29:45 GMT", "Connection": "keep-alive", "Keep-Alive": "timeout=5"}
2025-10-09 15:29:45,056 - ERROR -    📥 Full Response: {"status":"error","message":"Too far from resource","distance":16,"maxDistance":2}
2025-10-09 15:29:45,056 - ERROR - ❌ [HTTP ERROR] POST /ai/collect - Attempt 3/3
2025-10-09 15:29:45,056 - ERROR -    📍 URL: http://localhost:7031/ai/collect
2025-10-09 15:29:45,056 - ERROR -    📊 Status Code: 400
2025-10-09 15:29:45,056 - ERROR -    💬 Error Message: Too far from resource
2025-10-09 15:29:45,057 - ERROR -    📤 Request Data: {"token": "e6a6b8d95da1a9cd20191ad2abafea74", "targetInstance": "66772143"}
2025-10-09 15:29:45,057 - ERROR -    📤 Request Params: None
2025-10-09 15:29:45,057 - ERROR -    📥 Response Headers: {"X-Powered-By": "Express", "Content-Type": "application/json; charset=utf-8", "Content-Length": "82", "ETag": "W/\"52-5QusULG3z+fHEQRsXGjQMxTolNg\"", "Date": "Thu, 09 Oct 2025 19:29:45 GMT", "Connection": "keep-alive", "Keep-Alive": "timeout=5"}
2025-10-09 15:29:45,057 - ERROR -    📥 Full Response: {"status":"error","message":"Too far from resource","distance":16,"maxDistance":2}
2025-10-09 15:29:45,057 - ERROR - ❌ FINAL HTTP ERROR: HTTP 400 error after 3 attempts: 400 Client Error: Bad Request for url: http://localhost:7031/ai/collect
2025-10-09 15:29:45,057 - ERROR - ❌ HARVEST ERROR: Moved closer to Oak2 Tree at (239, 30) from position (238, 31). Failed to start chopping Oak2 Tree: API returned status 'error' with message: HTTP 400 error after 3 attempts: 400 Client Error: Bad Request for url: http://localhost:7031/ai/collect
2025-10-09 15:32:56,227 - ERROR - ❌ [HTTP ERROR] POST /ai/collect - Attempt 1/3
2025-10-09 15:32:56,228 - ERROR -    📍 URL: http://localhost:7031/ai/collect
2025-10-09 15:32:56,228 - ERROR -    📊 Status Code: 400
2025-10-09 15:32:56,228 - ERROR -    💬 Error Message: Too far from resource
2025-10-09 15:32:56,228 - ERROR -    📤 Request Data: {"token": "e6a6b8d95da1a9cd20191ad2abafea74", "targetInstance": "622166231"}
2025-10-09 15:32:56,228 - ERROR -    📤 Request Params: None
2025-10-09 15:32:56,228 - ERROR -    📥 Response Headers: {"X-Powered-By": "Express", "Content-Type": "application/json; charset=utf-8", "Content-Length": "82", "ETag": "W/\"52-+w9aj3VhiWvCMUbY4Y8NywmkJes\"", "Date": "Thu, 09 Oct 2025 19:32:56 GMT", "Connection": "keep-alive", "Keep-Alive": "timeout=5"}
2025-10-09 15:32:56,229 - ERROR -    📥 Full Response: {"status":"error","message":"Too far from resource","distance":33,"maxDistance":2}
2025-10-09 15:32:56,229 - ERROR - ❌ [HTTP ERROR] POST /ai/collect - Attempt 1/3
2025-10-09 15:32:56,229 - ERROR -    📍 URL: http://localhost:7031/ai/collect
2025-10-09 15:32:56,229 - ERROR -    📊 Status Code: 400
2025-10-09 15:32:56,229 - ERROR -    💬 Error Message: Too far from resource
2025-10-09 15:32:56,229 - ERROR -    📤 Request Data: {"token": "e6a6b8d95da1a9cd20191ad2abafea74", "targetInstance": "622166231"}
2025-10-09 15:32:56,230 - ERROR -    📤 Request Params: None
2025-10-09 15:32:56,230 - ERROR -    📥 Response Headers: {"X-Powered-By": "Express", "Content-Type": "application/json; charset=utf-8", "Content-Length": "82", "ETag": "W/\"52-+w9aj3VhiWvCMUbY4Y8NywmkJes\"", "Date": "Thu, 09 Oct 2025 19:32:56 GMT", "Connection": "keep-alive", "Keep-Alive": "timeout=5"}
2025-10-09 15:32:56,230 - ERROR -    📥 Full Response: {"status":"error","message":"Too far from resource","distance":33,"maxDistance":2}
2025-10-09 15:32:57,235 - ERROR - ❌ [HTTP ERROR] POST /ai/collect - Attempt 2/3
2025-10-09 15:32:57,235 - ERROR -    📍 URL: http://localhost:7031/ai/collect
2025-10-09 15:32:57,235 - ERROR -    📊 Status Code: 400
2025-10-09 15:32:57,235 - ERROR -    💬 Error Message: Too far from resource
2025-10-09 15:32:57,236 - ERROR -    📤 Request Data: {"token": "e6a6b8d95da1a9cd20191ad2abafea74", "targetInstance": "622166231"}
2025-10-09 15:32:57,236 - ERROR -    📤 Request Params: None
2025-10-09 15:32:57,236 - ERROR -    📥 Response Headers: {"X-Powered-By": "Express", "Content-Type": "application/json; charset=utf-8", "Content-Length": "82", "ETag": "W/\"52-+w9aj3VhiWvCMUbY4Y8NywmkJes\"", "Date": "Thu, 09 Oct 2025 19:32:57 GMT", "Connection": "keep-alive", "Keep-Alive": "timeout=5"}
2025-10-09 15:32:57,236 - ERROR -    📥 Full Response: {"status":"error","message":"Too far from resource","distance":33,"maxDistance":2}
2025-10-09 15:32:57,236 - ERROR - ❌ [HTTP ERROR] POST /ai/collect - Attempt 2/3
2025-10-09 15:32:57,237 - ERROR -    📍 URL: http://localhost:7031/ai/collect
2025-10-09 15:32:57,237 - ERROR -    📊 Status Code: 400
2025-10-09 15:32:57,237 - ERROR -    💬 Error Message: Too far from resource
2025-10-09 15:32:57,237 - ERROR -    📤 Request Data: {"token": "e6a6b8d95da1a9cd20191ad2abafea74", "targetInstance": "622166231"}
2025-10-09 15:32:57,237 - ERROR -    📤 Request Params: None
2025-10-09 15:32:57,237 - ERROR -    📥 Response Headers: {"X-Powered-By": "Express", "Content-Type": "application/json; charset=utf-8", "Content-Length": "82", "ETag": "W/\"52-+w9aj3VhiWvCMUbY4Y8NywmkJes\"", "Date": "Thu, 09 Oct 2025 19:32:57 GMT", "Connection": "keep-alive", "Keep-Alive": "timeout=5"}
2025-10-09 15:32:57,237 - ERROR -    📥 Full Response: {"status":"error","message":"Too far from resource","distance":33,"maxDistance":2}
2025-10-09 15:32:58,242 - ERROR - ❌ [HTTP ERROR] POST /ai/collect - Attempt 3/3
2025-10-09 15:32:58,242 - ERROR -    📍 URL: http://localhost:7031/ai/collect
2025-10-09 15:32:58,242 - ERROR -    📊 Status Code: 400
2025-10-09 15:32:58,242 - ERROR -    💬 Error Message: Too far from resource
2025-10-09 15:32:58,242 - ERROR -    📤 Request Data: {"token": "e6a6b8d95da1a9cd20191ad2abafea74", "targetInstance": "622166231"}
2025-10-09 15:32:58,242 - ERROR -    📤 Request Params: None
2025-10-09 15:32:58,243 - ERROR -    📥 Response Headers: {"X-Powered-By": "Express", "Content-Type": "application/json; charset=utf-8", "Content-Length": "82", "ETag": "W/\"52-+w9aj3VhiWvCMUbY4Y8NywmkJes\"", "Date": "Thu, 09 Oct 2025 19:32:58 GMT", "Connection": "keep-alive", "Keep-Alive": "timeout=5"}
2025-10-09 15:32:58,243 - ERROR -    📥 Full Response: {"status":"error","message":"Too far from resource","distance":33,"maxDistance":2}
2025-10-09 15:32:58,243 - ERROR - ❌ [HTTP ERROR] POST /ai/collect - Attempt 3/3
2025-10-09 15:32:58,243 - ERROR -    📍 URL: http://localhost:7031/ai/collect
2025-10-09 15:32:58,243 - ERROR -    📊 Status Code: 400
2025-10-09 15:32:58,243 - ERROR -    💬 Error Message: Too far from resource
2025-10-09 15:32:58,244 - ERROR -    📤 Request Data: {"token": "e6a6b8d95da1a9cd20191ad2abafea74", "targetInstance": "622166231"}
2025-10-09 15:32:58,244 - ERROR -    📤 Request Params: None
2025-10-09 15:32:58,244 - ERROR -    📥 Response Headers: {"X-Powered-By": "Express", "Content-Type": "application/json; charset=utf-8", "Content-Length": "82", "ETag": "W/\"52-+w9aj3VhiWvCMUbY4Y8NywmkJes\"", "Date": "Thu, 09 Oct 2025 19:32:58 GMT", "Connection": "keep-alive", "Keep-Alive": "timeout=5"}
2025-10-09 15:32:58,244 - ERROR -    📥 Full Response: {"status":"error","message":"Too far from resource","distance":33,"maxDistance":2}
2025-10-09 15:32:58,244 - ERROR - ❌ FINAL HTTP ERROR: HTTP 400 error after 3 attempts: 400 Client Error: Bad Request for url: http://localhost:7031/ai/collect
2025-10-09 15:32:58,244 - ERROR - ❌ HARVEST ERROR: Moved closer to Oak2 Tree at (256, 58) from position (255, 57). Failed to start chopping Oak2 Tree: API returned status 'error' with message: HTTP 400 error after 3 attempts: 400 Client Error: Bad Request for url: http://localhost:7031/ai/collect
2025-10-09 15:34:03,288 - ERROR - ❌ [HTTP ERROR] POST /ai/collect - Attempt 1/3
2025-10-09 15:34:03,288 - ERROR -    📍 URL: http://localhost:7031/ai/collect
2025-10-09 15:34:03,288 - ERROR -    📊 Status Code: 400
2025-10-09 15:34:03,288 - ERROR -    💬 Error Message: Too far from resource
2025-10-09 15:34:03,288 - ERROR -    📤 Request Data: {"token": "e6a6b8d95da1a9cd20191ad2abafea74", "targetInstance": "689247175"}
2025-10-09 15:34:03,288 - ERROR -    📤 Request Params: None
2025-10-09 15:34:03,288 - ERROR -    📥 Response Headers: {"X-Powered-By": "Express", "Content-Type": "application/json; charset=utf-8", "Content-Length": "82", "ETag": "W/\"52-AwORU3P5bdjc+qOrqotqVDip6tc\"", "Date": "Thu, 09 Oct 2025 19:34:03 GMT", "Connection": "keep-alive", "Keep-Alive": "timeout=5"}
2025-10-09 15:34:03,289 - ERROR -    📥 Full Response: {"status":"error","message":"Too far from resource","distance":31,"maxDistance":2}
2025-10-09 15:34:03,289 - ERROR - ❌ [HTTP ERROR] POST /ai/collect - Attempt 1/3
2025-10-09 15:34:03,289 - ERROR -    📍 URL: http://localhost:7031/ai/collect
2025-10-09 15:34:03,289 - ERROR -    📊 Status Code: 400
2025-10-09 15:34:03,289 - ERROR -    💬 Error Message: Too far from resource
2025-10-09 15:34:03,289 - ERROR -    📤 Request Data: {"token": "e6a6b8d95da1a9cd20191ad2abafea74", "targetInstance": "689247175"}
2025-10-09 15:34:03,289 - ERROR -    📤 Request Params: None
2025-10-09 15:34:03,289 - ERROR -    📥 Response Headers: {"X-Powered-By": "Express", "Content-Type": "application/json; charset=utf-8", "Content-Length": "82", "ETag": "W/\"52-AwORU3P5bdjc+qOrqotqVDip6tc\"", "Date": "Thu, 09 Oct 2025 19:34:03 GMT", "Connection": "keep-alive", "Keep-Alive": "timeout=5"}
2025-10-09 15:34:03,290 - ERROR -    📥 Full Response: {"status":"error","message":"Too far from resource","distance":31,"maxDistance":2}
2025-10-09 15:34:04,312 - ERROR - ❌ [HTTP ERROR] POST /ai/collect - Attempt 2/3
2025-10-09 15:34:04,312 - ERROR -    📍 URL: http://localhost:7031/ai/collect
2025-10-09 15:34:04,313 - ERROR -    📊 Status Code: 400
2025-10-09 15:34:04,313 - ERROR -    💬 Error Message: Too far from resource
2025-10-09 15:34:04,313 - ERROR -    📤 Request Data: {"token": "e6a6b8d95da1a9cd20191ad2abafea74", "targetInstance": "689247175"}
2025-10-09 15:34:04,313 - ERROR -    📤 Request Params: None
2025-10-09 15:34:04,313 - ERROR -    📥 Response Headers: {"X-Powered-By": "Express", "Content-Type": "application/json; charset=utf-8", "Content-Length": "82", "ETag": "W/\"52-AwORU3P5bdjc+qOrqotqVDip6tc\"", "Date": "Thu, 09 Oct 2025 19:34:04 GMT", "Connection": "keep-alive", "Keep-Alive": "timeout=5"}
2025-10-09 15:34:04,313 - ERROR -    📥 Full Response: {"status":"error","message":"Too far from resource","distance":31,"maxDistance":2}
2025-10-09 15:34:04,313 - ERROR - ❌ [HTTP ERROR] POST /ai/collect - Attempt 2/3
2025-10-09 15:34:04,314 - ERROR -    📍 URL: http://localhost:7031/ai/collect
2025-10-09 15:34:04,314 - ERROR -    📊 Status Code: 400
2025-10-09 15:34:04,314 - ERROR -    💬 Error Message: Too far from resource
2025-10-09 15:34:04,314 - ERROR -    📤 Request Data: {"token": "e6a6b8d95da1a9cd20191ad2abafea74", "targetInstance": "689247175"}
2025-10-09 15:34:04,314 - ERROR -    📤 Request Params: None
2025-10-09 15:34:04,314 - ERROR -    📥 Response Headers: {"X-Powered-By": "Express", "Content-Type": "application/json; charset=utf-8", "Content-Length": "82", "ETag": "W/\"52-AwORU3P5bdjc+qOrqotqVDip6tc\"", "Date": "Thu, 09 Oct 2025 19:34:04 GMT", "Connection": "keep-alive", "Keep-Alive": "timeout=5"}
2025-10-09 15:34:04,314 - ERROR -    📥 Full Response: {"status":"error","message":"Too far from resource","distance":31,"maxDistance":2}
2025-10-09 15:34:05,319 - ERROR - ❌ [HTTP ERROR] POST /ai/collect - Attempt 3/3
2025-10-09 15:34:05,319 - ERROR -    📍 URL: http://localhost:7031/ai/collect
2025-10-09 15:34:05,319 - ERROR -    📊 Status Code: 400
2025-10-09 15:34:05,320 - ERROR -    💬 Error Message: Too far from resource
2025-10-09 15:34:05,320 - ERROR -    📤 Request Data: {"token": "e6a6b8d95da1a9cd20191ad2abafea74", "targetInstance": "689247175"}
2025-10-09 15:34:05,320 - ERROR -    📤 Request Params: None
2025-10-09 15:34:05,320 - ERROR -    📥 Response Headers: {"X-Powered-By": "Express", "Content-Type": "application/json; charset=utf-8", "Content-Length": "82", "ETag": "W/\"52-AwORU3P5bdjc+qOrqotqVDip6tc\"", "Date": "Thu, 09 Oct 2025 19:34:05 GMT", "Connection": "keep-alive", "Keep-Alive": "timeout=5"}
2025-10-09 15:34:05,320 - ERROR -    📥 Full Response: {"status":"error","message":"Too far from resource","distance":31,"maxDistance":2}
2025-10-09 15:34:05,320 - ERROR - ❌ [HTTP ERROR] POST /ai/collect - Attempt 3/3
2025-10-09 15:34:05,320 - ERROR -    📍 URL: http://localhost:7031/ai/collect
2025-10-09 15:34:05,320 - ERROR -    📊 Status Code: 400
2025-10-09 15:34:05,321 - ERROR -    💬 Error Message: Too far from resource
2025-10-09 15:34:05,321 - ERROR -    📤 Request Data: {"token": "e6a6b8d95da1a9cd20191ad2abafea74", "targetInstance": "689247175"}
2025-10-09 15:34:05,321 - ERROR -    📤 Request Params: None
2025-10-09 15:34:05,321 - ERROR -    📥 Response Headers: {"X-Powered-By": "Express", "Content-Type": "application/json; charset=utf-8", "Content-Length": "82", "ETag": "W/\"52-AwORU3P5bdjc+qOrqotqVDip6tc\"", "Date": "Thu, 09 Oct 2025 19:34:05 GMT", "Connection": "keep-alive", "Keep-Alive": "timeout=5"}
2025-10-09 15:34:05,321 - ERROR -    📥 Full Response: {"status":"error","message":"Too far from resource","distance":31,"maxDistance":2}
2025-10-09 15:34:05,321 - ERROR - ❌ FINAL HTTP ERROR: HTTP 400 error after 3 attempts: 400 Client Error: Bad Request for url: http://localhost:7031/ai/collect
2025-10-09 15:34:05,321 - ERROR - ❌ HARVEST ERROR: Moved closer to Oak2 Tree at (262, 38) from position (261, 39). Failed to start chopping Oak2 Tree: API returned status 'error' with message: HTTP 400 error after 3 attempts: 400 Client Error: Bad Request for url: http://localhost:7031/ai/collect
